Component: ARM Compiler 5.06 update 6 (build 750) Tool: armlink [4d35ed]

==============================================================================

Section Cross References

    epdtest.o(i._Z12testdrawtextPct) refers to epdtest.o(.bss) for display
    epdtest.o(i.__sti___9_EPDTest_c_display) refers to adafruit_il0373.o(i._ZN15Adafruit_IL0373C1EiiaaaaaP8SPIClass) for Adafruit_IL0373::Adafruit_IL0373(int, int, signed char, signed char, signed char, signed char, signed char, SPIClass*)
    epdtest.o(i.__sti___9_EPDTest_c_display) refers to aeabi_atexit.o(.text) for __aeabi_atexit
    epdtest.o(i.__sti___9_EPDTest_c_display) refers to spi.o(.data) for SPI
    epdtest.o(i.__sti___9_EPDTest_c_display) refers to epdtest.o(.bss) for display
    epdtest.o(i.__sti___9_EPDTest_c_display) refers to epdtest.o(i._ZN15Adafruit_IL0373D1Ev) for Adafruit_IL0373::~Adafruit_IL0373()
    epdtest.o(i.main) refers to adafruit_il0373.o(i._ZN15Adafruit_IL03735beginEb) for Adafruit_IL0373::begin(bool)
    epdtest.o(i.main) refers to adafruit_epd.o(i._ZN12Adafruit_EPD11clearBufferEv) for Adafruit_EPD::clearBuffer()
    epdtest.o(i.main) refers to epdtest.o(i._Z12testdrawtextPct) for testdrawtext(char*, unsigned short)
    epdtest.o(i.main) refers to adafruit_epd.o(i._ZN12Adafruit_EPD7displayEb) for Adafruit_EPD::display(bool)
    epdtest.o(i.main) refers to adafruit_gfx.o(i._ZN12Adafruit_GFX8drawLineEsssst) for Adafruit_GFX::drawLine(short, short, short, short, unsigned short)
    epdtest.o(i.main) refers to epdtest.o(.bss) for display
    epdtest.o(i.main) refers to epdtest.o(.conststring) for .conststring
    epdtest.o(.ARM.exidx) refers to epdtest.o(i._Z12testdrawtextPct) for i._Z12testdrawtextPct
    epdtest.o(.ARM.exidx) refers to epdtest.o(i.main) for i.main
    epdtest.o(.ARM.exidx) refers to epdtest.o(i.__sti___9_EPDTest_c_display) for i.__sti___9_EPDTest_c_display
    epdtest.o(.init_array) refers to epdtest.o(i.__sti___9_EPDTest_c_display) for __sti___9_EPDTest_c_display
    epdtest.o(.init_array) refers to init_aeabi.o(.text) for __cpp_initialize__aeabi_
    adafruit_epd.o(i._ZN12Adafruit_EPD11EPD_commandEhPKht) refers to adafruit_epd.o(i._ZN12Adafruit_EPD11EPD_commandEhb) for Adafruit_EPD::EPD_command(unsigned char, bool)
    adafruit_epd.o(i._ZN12Adafruit_EPD11EPD_commandEhPKht) refers to adafruit_epd.o(i._ZN12Adafruit_EPD8EPD_dataEPKht) for Adafruit_EPD::EPD_data(const unsigned char*, unsigned short)
    adafruit_epd.o(i._ZN12Adafruit_EPD11EPD_commandEhb) refers to adafruit_epd.o(i._ZN12Adafruit_EPD6csHighEv) for Adafruit_EPD::csHigh()
    adafruit_epd.o(i._ZN12Adafruit_EPD11EPD_commandEhb) refers to adafruit_epd.o(i._ZN12Adafruit_EPD5dcLowEv) for Adafruit_EPD::dcLow()
    adafruit_epd.o(i._ZN12Adafruit_EPD11EPD_commandEhb) refers to adafruit_epd.o(i._ZN12Adafruit_EPD5csLowEv) for Adafruit_EPD::csLow()
    adafruit_epd.o(i._ZN12Adafruit_EPD11EPD_commandEhb) refers to adafruit_epd.o(i._ZN12Adafruit_EPD11SPItransferEh) for Adafruit_EPD::SPItransfer(unsigned char)
    adafruit_epd.o(i._ZN12Adafruit_EPD11SPItransferEh) refers to adafruit_epd.o(i._ZN12Adafruit_EPD5csLowEv) for Adafruit_EPD::csLow()
    adafruit_epd.o(i._ZN12Adafruit_EPD11SPItransferEh) refers to adafruit_epd.o(i._ZN12Adafruit_EPD6csHighEv) for Adafruit_EPD::csHigh()
    adafruit_epd.o(i._ZN12Adafruit_EPD11clearBufferEv) refers to adafruit_mcpsram.o(i._ZN16Adafruit_MCPSRAM5eraseEtth) for Adafruit_MCPSRAM::erase(unsigned short, unsigned short, unsigned char)
    adafruit_epd.o(i._ZN12Adafruit_EPD11clearBufferEv) refers to aeabi_memset.o(.text) for __aeabi_memset
    adafruit_epd.o(i._ZN12Adafruit_EPD11clearBufferEv) refers to rt_memclr.o(.text) for __aeabi_memclr
    adafruit_epd.o(i._ZN12Adafruit_EPD12clearDisplayEv) refers to adafruit_epd.o(i._ZN12Adafruit_EPD11clearBufferEv) for Adafruit_EPD::clearBuffer()
    adafruit_epd.o(i._ZN12Adafruit_EPD12clearDisplayEv) refers to adafruit_epd.o(i._ZN12Adafruit_EPD7displayEb) for Adafruit_EPD::display(bool)
    adafruit_epd.o(i._ZN12Adafruit_EPD15EPD_commandListEPKh) refers to adafruit_epd.o(i._ZN12Adafruit_EPD11EPD_commandEhPKht) for Adafruit_EPD::EPD_command(unsigned char, const unsigned char*, unsigned short)
    adafruit_epd.o(i._ZN12Adafruit_EPD5beginEb) refers to adafruit_epd.o(i._ZN12Adafruit_EPD14setBlackBufferEab) for Adafruit_EPD::setBlackBuffer(signed char, bool)
    adafruit_epd.o(i._ZN12Adafruit_EPD5beginEb) refers to adafruit_epd.o(i._ZN12Adafruit_EPD14setColorBufferEab) for Adafruit_EPD::setColorBuffer(signed char, bool)
    adafruit_epd.o(i._ZN12Adafruit_EPD5beginEb) refers to adafruit_mcpsram.o(i._ZN16Adafruit_MCPSRAM5beginEv) for Adafruit_MCPSRAM::begin()
    adafruit_epd.o(i._ZN12Adafruit_EPD5beginEb) refers to adafruit_mcpsram.o(i._ZN16Adafruit_MCPSRAM6write8Ethh) for Adafruit_MCPSRAM::write8(unsigned short, unsigned char, unsigned char)
    adafruit_epd.o(i._ZN12Adafruit_EPD5beginEb) refers to adafruit_epd.o(i._ZN12Adafruit_EPD6csHighEv) for Adafruit_EPD::csHigh()
[...]
    adafruit_ssd1619.o(.constdata__ZTV16Adafruit_SSD1619) refers to adafruit_gfx.o(i._ZN12Adafruit_GFX13drawFastHLineEssst) for Adafruit_GFX::drawFastHLine(short, short, short, unsigned short)
    adafruit_ssd1619.o(.constdata__ZTV16Adafruit_SSD1619) refers to adafruit_gfx.o(i._ZN12Adafruit_GFX8fillRectEsssst) for Adafruit_GFX::fillRect(short, short, short, short, unsigned short)
    adafruit_ssd1619.o(.constdata__ZTV16Adafruit_SSD1619) refers to adafruit_gfx.o(i._ZN12Adafruit_GFX10fillScreenEt) for Adafruit_GFX::fillScreen(unsigned short)
    adafruit_ssd1619.o(.constdata__ZTV16Adafruit_SSD1619) refers to adafruit_gfx.o(i._ZN12Adafruit_GFX8drawLineEsssst) for Adafruit_GFX::drawLine(short, short, short, short, unsigned short)
    adafruit_ssd1619.o(.constdata__ZTV16Adafruit_SSD1619) refers to adafruit_gfx.o(i._ZN12Adafruit_GFX8drawRectEsssst) for Adafruit_GFX::drawRect(short, short, short, short, unsigned short)
    adafruit_ssd1619.o(.constdata__ZTV16Adafruit_SSD1619) refers to adafruit_gfx.o(i._ZN12Adafruit_GFX5writeEh) for Adafruit_GFX::write(unsigned char)
    adafruit_ssd1619.o(.constdata__ZTV16Adafruit_SSD1619) refers to adafruit_ssd1619.o(i._ZN16Adafruit_SSD161915writeRAMCommandEh) for Adafruit_SSD1619::writeRAMCommand(unsigned char)
    adafruit_ssd1619.o(.constdata__ZTV16Adafruit_SSD1619) refers to adafruit_ssd1619.o(i._ZN16Adafruit_SSD161913setRAMAddressEtt) for Adafruit_SSD1619::setRAMAddress(unsigned short, unsigned short)
    adafruit_ssd1619.o(.constdata__ZTV16Adafruit_SSD1619) refers to adafruit_ssd1619.o(i._ZN16Adafruit_SSD16199busy_waitEv) for Adafruit_SSD1619::busy_wait()
    adafruit_ssd1619.o(.constdata__ZTV16Adafruit_SSD1619) refers to adafruit_ssd1619.o(i._ZN16Adafruit_SSD16197powerUpEv) for Adafruit_SSD1619::powerUp()
    adafruit_ssd1619.o(.constdata__ZTV16Adafruit_SSD1619) refers to adafruit_ssd1619.o(i._ZN16Adafruit_SSD16196updateEv) for Adafruit_SSD1619::update()
    adafruit_ssd1619.o(.constdata__ZTV16Adafruit_SSD1619) refers to adafruit_ssd1619.o(i._ZN16Adafruit_SSD16199powerDownEv) for Adafruit_SSD1619::powerDown()
    adafruit_ssd1619.o(.constdata__ZTI16Adafruit_SSD1619) refers to lib_rtti_impl.o(.constdata__ZTVN10__cxxabiv120__si_class_type_infoE) for vtable for __cxxabiv1::__si_class_type_info
    adafruit_ssd1619.o(.constdata__ZTI16Adafruit_SSD1619) refers to adafruit_ssd1619.o(.constdata__ZTS16Adafruit_SSD1619) for typeinfo name for Adafruit_SSD1619
    adafruit_ssd1619.o(.constdata__ZTI16Adafruit_SSD1619) refers to adafruit_epd.o(.constdata__ZTI12Adafruit_EPD) for typeinfo for Adafruit_EPD
    adafruit_ssd1675.o(.constdata__ZTV16Adafruit_SSD1675) refers to adafruit_ssd1675.o(.constdata__ZTI16Adafruit_SSD1675) for typeinfo for Adafruit_SSD1675
    adafruit_ssd1675.o(.constdata__ZTV16Adafruit_SSD1675) refers to adafruit_epd.o(i._ZN12Adafruit_EPD9drawPixelEsst) for Adafruit_EPD::drawPixel(short, short, unsigned short)
    adafruit_ssd1675.o(.constdata__ZTV16Adafruit_SSD1675) refers to adafruit_gfx.o(i._ZN12Adafruit_GFX10startWriteEv) for Adafruit_GFX::startWrite()
    adafruit_ssd1675.o(.constdata__ZTV16Adafruit_SSD1675) refers to adafruit_gfx.o(i._ZN12Adafruit_GFX10writePixelEsst) for Adafruit_GFX::writePixel(short, short, unsigned short)
    adafruit_ssd1675.o(.constdata__ZTV16Adafruit_SSD1675) refers to adafruit_gfx.o(i._ZN12Adafruit_GFX13writeFillRectEsssst) for Adafruit_GFX::writeFillRect(short, short, short, short, unsigned short)
    adafruit_ssd1675.o(.constdata__ZTV16Adafruit_SSD1675) refers to adafruit_gfx.o(i._ZN12Adafruit_GFX14writeFastVLineEssst) for Adafruit_GFX::writeFastVLine(short, short, short, unsigned short)
    adafruit_ssd1675.o(.constdata__ZTV16Adafruit_SSD1675) refers to adafruit_gfx.o(i._ZN12Adafruit_GFX14writeFastHLineEssst) for Adafruit_GFX::writeFastHLine(short, short, short, unsigned short)
    adafruit_ssd1675.o(.constdata__ZTV16Adafruit_SSD1675) refers to adafruit_gfx.o(i._ZN12Adafruit_GFX9writeLineEsssst) for Adafruit_GFX::writeLine(short, short, short, short, unsigned short)
    adafruit_ssd1675.o(.constdata__ZTV16Adafruit_SSD1675) refers to adafruit_gfx.o(i._ZN12Adafruit_GFX8endWriteEv) for Adafruit_GFX::endWrite()
    adafruit_ssd1675.o(.constdata__ZTV16Adafruit_SSD1675) refers to adafruit_gfx.o(i._ZN12Adafruit_GFX11setRotationEh) for Adafruit_GFX::setRotation(unsigned char)
    adafruit_ssd1675.o(.constdata__ZTV16Adafruit_SSD1675) refers to adafruit_gfx.o(i._ZN12Adafruit_GFX13invertDisplayEb) for Adafruit_GFX::invertDisplay(bool)
    adafruit_ssd1675.o(.constdata__ZTV16Adafruit_SSD1675) refers to adafruit_gfx.o(i._ZN12Adafruit_GFX13drawFastVLineEssst) for Adafruit_GFX::drawFastVLine(short, short, short, unsigned short)
    adafruit_ssd1675.o(.constdata__ZTV16Adafruit_SSD1675) refers to adafruit_gfx.o(i._ZN12Adafruit_GFX13drawFastHLineEssst) for Adafruit_GFX::drawFastHLine(short, short, short, unsigned short)
    adafruit_ssd1675.o(.constdata__ZTV16Adafruit_SSD1675) refers to adafruit_gfx.o(i._ZN12Adafruit_GFX8fillRectEsssst) for Adafruit_GFX::fillRect(short, short, short, short, unsigned short)
    adafruit_ssd1675.o(.constdata__ZTV16Adafruit_SSD1675) refers to adafruit_gfx.o(i._ZN12Adafruit_GFX10fillScreenEt) for Adafruit_GFX::fillScreen(unsigned short)
    adafruit_ssd1675.o(.constdata__ZTV16Adafruit_SSD1675) refers to adafruit_gfx.o(i._ZN12Adafruit_GFX8drawLineEsssst) for Adafruit_GFX::drawLine(short, short, short, short, unsigned short)
    adafruit_ssd1675.o(.constdata__ZTV16Adafruit_SSD1675) refers to adafruit_gfx.o(i._ZN12Adafruit_GFX8drawRectEsssst) for Adafruit_GFX::drawRect(short, short, short, short, unsigned short)
    adafruit_ssd1675.o(.constdata__ZTV16Adafruit_SSD1675) refers to adafruit_gfx.o(i._ZN12Adafruit_GFX5writeEh) for Adafruit_GFX::write(unsigned char)
    adafruit_ssd1675.o(.constdata__ZTV16Adafruit_SSD1675) refers to adafruit_ssd1675.o(i._ZN16Adafruit_SSD167515writeRAMCommandEh) for Adafruit_SSD1675::writeRAMCommand(unsigned char)
    adafruit_ssd1675.o(.constdata__ZTV16Adafruit_SSD1675) refers to adafruit_ssd1675.o(i._ZN16Adafruit_SSD167513setRAMAddressEtt) for Adafruit_SSD1675::setRAMAddress(unsigned short, unsigned short)
    adafruit_ssd1675.o(.constdata__ZTV16Adafruit_SSD1675) refers to adafruit_ssd1675.o(i._ZN16Adafruit_SSD16759busy_waitEv) for Adafruit_SSD1675::busy_wait()
    adafruit_ssd1675.o(.constdata__ZTV16Adafruit_SSD1675) refers to adafruit_ssd1675.o(i._ZN16Adafruit_SSD16757powerUpEv) for Adafruit_SSD1675::powerUp()
    adafruit_ssd1675.o(.constdata__ZTV16Adafruit_SSD1675) refers to adafruit_ssd1675.o(i._ZN16Adafruit_SSD16756updateEv) for Adafruit_SSD1675::update()
    adafruit_ssd1675.o(.constdata__ZTV16Adafruit_SSD1675) refers to adafruit_ssd1675.o(i._ZN16Adafruit_SSD16759powerDownEv) for Adafruit_SSD1675::powerDown()
    adafruit_ssd1675.o(.constdata__ZTI16Adafruit_SSD1675) refers to lib_rtti_impl.o(.constdata__ZTVN10__cxxabiv120__si_class_type_infoE) for vtable for __cxxabiv1::__si_class_type_info
    adafruit_ssd1675.o(.constdata__ZTI16Adafruit_SSD1675) refers to adafruit_ssd1675.o(.constdata__ZTS16Adafruit_SSD1675) for typeinfo name for Adafruit_SSD1675
    adafruit_ssd1675.o(.constdata__ZTI16Adafruit_SSD1675) refers to adafruit_epd.o(.constdata__ZTI12Adafruit_EPD) for typeinfo for Adafruit_EPD
    adafruit_ssd1675b.o(.constdata__ZTV17Adafruit_SSD1675B) refers to adafruit_ssd1675b.o(.constdata__ZTI17Adafruit_SSD1675B) for typeinfo for Adafruit_SSD1675B
    adafruit_ssd1675b.o(.constdata__ZTV17Adafruit_SSD1675B) refers to adafruit_epd.o(i._ZN12Adafruit_EPD9drawPixelEsst) for Adafruit_EPD::drawPixel(short, short, unsigned short)
    adafruit_ssd1675b.o(.constdata__ZTV17Adafruit_SSD1675B) refers to adafruit_gfx.o(i._ZN12Adafruit_GFX10startWriteEv) for Adafruit_GFX::startWrite()
    adafruit_ssd1675b.o(.constdata__ZTV17Adafruit_SSD1675B) refers to adafruit_gfx.o(i._ZN12Adafruit_GFX10writePixelEsst) for Adafruit_GFX::writePixel(short, short, unsigned short)
    adafruit_ssd1675b.o(.constdata__ZTV17Adafruit_SSD1675B) refers to adafruit_gfx.o(i._ZN12Adafruit_GFX13writeFillRectEsssst) for Adafruit_GFX::writeFillRect(short, short, short, short, unsigned short)
    adafruit_ssd1675b.o(.constdata__ZTV17Adafruit_SSD1675B) refers to adafruit_gfx.o(i._ZN12Adafruit_GFX14writeFastVLineEssst) for Adafruit_GFX::writeFastVLine(short, short, short, unsigned short)
    adafruit_ssd1675b.o(.constdata__ZTV17Adafruit_SSD1675B) refers to adafruit_gfx.o(i._ZN12Adafruit_GFX14writeFastHLineEssst) for Adafruit_GFX::writeFastHLine(short, short, short, unsigned short)
    adafruit_ssd1675b.o(.constdata__ZTV17Adafruit_SSD1675B) refers to adafruit_gfx.o(i._ZN12Adafruit_GFX9writeLineEsssst) for Adafruit_GFX::writeLine(short, short, short, short, unsigned short)
    adafruit_ssd1675b.o(.constdata__ZTV17Adafruit_SSD1675B) refers to adafruit_gfx.o(i._ZN12Adafruit_GFX8endWriteEv) for Adafruit_GFX::endWrite()
    adafruit_ssd1675b.o(.constdata__ZTV17Adafruit_SSD1675B) refers to adafruit_gfx.o(i._ZN12Adafruit_GFX11setRotationEh) for Adafruit_GFX::setRotation(unsigned char)
    adafruit_ssd1675b.o(.constdata__ZTV17Adafruit_SSD1675B) refers to adafruit_gfx.o(i._ZN12Adafruit_GFX13invertDisplayEb) for Adafruit_GFX::invertDisplay(bool)
    adafruit_ssd1675b.o(.constdata__ZTV17Adafruit_SSD1675B) refers to adafruit_gfx.o(i._ZN12Adafruit_GFX13drawFastVLineEssst) for Adafruit_GFX::drawFastVLine(short, short, short, unsigned short)
    adafruit_ssd1675b.o(.constdata__ZTV17Adafruit_SSD1675B) refers to adafruit_gfx.o(i._ZN12Adafruit_GFX13drawFastHLineEssst) for Adafruit_GFX::drawFastHLine(short, short, short, unsigned short)
    adafruit_ssd1675b.o(.constdata__ZTV17Adafruit_SSD1675B) refers to adafruit_gfx.o(i._ZN12Adafruit_GFX8fillRectEsssst) for Adafruit_GFX::fillRect(short, short, short, short, unsigned short)
    adafruit_ssd1675b.o(.constdata__ZTV17Adafruit_SSD1675B) refers to adafruit_gfx.o(i._ZN12Adafruit_GFX10fillScreenEt) for Adafruit_GFX::fillScreen(unsigned short)
    adafruit_ssd1675b.o(.constdata__ZTV17Adafruit_SSD1675B) refers to adafruit_gfx.o(i._ZN12Adafruit_GFX8drawLineEsssst) for Adafruit_GFX::drawLine(short, short, short, short, unsigned short)
    adafruit_ssd1675b.o(.constdata__ZTV17Adafruit_SSD1675B) refers to adafruit_gfx.o(i._ZN12Adafruit_GFX8drawRectEsssst) for Adafruit_GFX::drawRect(short, short, short, short, unsigned short)
    adafruit_ssd1675b.o(.constdata__ZTV17Adafruit_SSD1675B) refers to adafruit_gfx.o(i._ZN12Adafruit_GFX5writeEh) for Adafruit_GFX::write(unsigned char)
    adafruit_ssd1675b.o(.constdata__ZTV17Adafruit_SSD1675B) refers to adafruit_ssd1675b.o(i._ZN17Adafruit_SSD1675B15writeRAMCommandEh) for Adafruit_SSD1675B::writeRAMCommand(unsigned char)
    adafruit_ssd1675b.o(.constdata__ZTV17Adafruit_SSD1675B) refers to adafruit_ssd1675b.o(i._ZN17Adafruit_SSD1675B13setRAMAddressEtt) for Adafruit_SSD1675B::setRAMAddress(unsigned short, unsigned short)
    adafruit_ssd1675b.o(.constdata__ZTV17Adafruit_SSD1675B) refers to adafruit_ssd1675b.o(i._ZN17Adafruit_SSD1675B9busy_waitEv) for Adafruit_SSD1675B::busy_wait()
    adafruit_ssd1675b.o(.constdata__ZTV17Adafruit_SSD1675B) refers to adafruit_ssd1675b.o(i._ZN17Adafruit_SSD1675B7powerUpEv) for Adafruit_SSD1675B::powerUp()
    adafruit_ssd1675b.o(.constdata__ZTV17Adafruit_SSD1675B) refers to adafruit_ssd1675b.o(i._ZN17Adafruit_SSD1675B6updateEv) for Adafruit_SSD1675B::update()
    adafruit_ssd1675b.o(.constdata__ZTV17Adafruit_SSD1675B) refers to adafruit_ssd1675b.o(i._ZN17Adafruit_SSD1675B9powerDownEv) for Adafruit_SSD1675B::powerDown()
    adafruit_ssd1675b.o(.constdata__ZTI17Adafruit_SSD1675B) refers to lib_rtti_impl.o(.constdata__ZTVN10__cxxabiv120__si_class_type_infoE) for vtable for __cxxabiv1::__si_class_type_info
    adafruit_ssd1675b.o(.constdata__ZTI17Adafruit_SSD1675B) refers to adafruit_ssd1675b.o(.constdata__ZTS17Adafruit_SSD1675B) for typeinfo name for Adafruit_SSD1675B
    adafruit_ssd1675b.o(.constdata__ZTI17Adafruit_SSD1675B) refers to adafruit_epd.o(.constdata__ZTI12Adafruit_EPD) for typeinfo for Adafruit_EPD
    adafruit_ssd1680.o(.constdata__ZTV16Adafruit_SSD1680) refers to adafruit_ssd1680.o(.constdata__ZTI16Adafruit_SSD1680) for typeinfo for Adafruit_SSD1680
    adafruit_ssd1680.o(.constdata__ZTV16Adafruit_SSD1680) refers to adafruit_epd.o(i._ZN12Adafruit_EPD9drawPixelEsst) for Adafruit_EPD::drawPixel(short, short, unsigned short)
    adafruit_ssd1680.o(.constdata__ZTV16Adafruit_SSD1680) refers to adafruit_gfx.o(i._ZN12Adafruit_GFX10startWriteEv) for Adafruit_GFX::startWrite()
    adafruit_ssd1680.o(.constdata__ZTV16Adafruit_SSD1680) refers to adafruit_gfx.o(i._ZN12Adafruit_GFX10writePixelEsst) for Adafruit_GFX::writePixel(short, short, unsigned short)
    adafruit_ssd1680.o(.constdata__ZTV16Adafruit_SSD1680) refers to adafruit_gfx.o(i._ZN12Adafruit_GFX13writeFillRectEsssst) for Adafruit_GFX::writeFillRect(short, short, short, short, unsigned short)
    adafruit_ssd1680.o(.constdata__ZTV16Adafruit_SSD1680) refers to adafruit_gfx.o(i._ZN12Adafruit_GFX14writeFastVLineEssst) for Adafruit_GFX::writeFastVLine(short, short, short, unsigned short)
    adafruit_ssd1680.o(.constdata__ZTV16Adafruit_SSD1680) refers to adafruit_gfx.o(i._ZN12Adafruit_GFX14writeFastHLineEssst) for Adafruit_GFX::writeFastHLine(short, short, short, unsigned short)
    adafruit_ssd1680.o(.constdata__ZTV16Adafruit_SSD1680) refers to adafruit_gfx.o(i._ZN12Adafruit_GFX9writeLineEsssst) for Adafruit_GFX::writeLine(short, short, short, short, unsigned short)
    adafruit_ssd1680.o(.constdata__ZTV16Adafruit_SSD1680) refers to adafruit_gfx.o(i._ZN12Adafruit_GFX8endWriteEv) for Adafruit_GFX::endWrite()
    adafruit_ssd1680.o(.constdata__ZTV16Adafruit_SSD1680) refers to adafruit_gfx.o(i._ZN12Adafruit_GFX11setRotationEh) for Adafruit_GFX::setRotation(unsigned char)
    adafruit_ssd1680.o(.constdata__ZTV16Adafruit_SSD1680) refers to adafruit_gfx.o(i._ZN12Adafruit_GFX13invertDisplayEb) for Adafruit_GFX::invertDisplay(bool)
    adafruit_ssd1680.o(.constdata__ZTV16Adafruit_SSD1680) refers to adafruit_gfx.o(i._ZN12Adafruit_GFX13drawFastVLineEssst) for Adafruit_GFX::drawFastVLine(short, short, short, unsigned short)
    adafruit_ssd1680.o(.constdata__ZTV16Adafruit_SSD1680) refers to adafruit_gfx.o(i._ZN12Adafruit_GFX13drawFastHLineEssst) for Adafruit_GFX::drawFastHLine(short, short, short, unsigned short)
    adafruit_ssd1680.o(.constdata__ZTV16Adafruit_SSD1680) refers to adafruit_gfx.o(i._ZN12Adafruit_GFX8fillRectEsssst) for Adafruit_GFX::fillRect(short, short, short, short, unsigned short)
    adafruit_ssd1680.o(.constdata__ZTV16Adafruit_SSD1680) refers to adafruit_gfx.o(i._ZN12Adafruit_GFX10fillScreenEt) for Adafruit_GFX::fillScreen(unsigned short)
    adafruit_ssd1680.o(.constdata__ZTV16Adafruit_SSD1680) refers to adafruit_gfx.o(i._ZN12Adafruit_GFX8drawLineEsssst) for Adafruit_GFX::drawLine(short, short, short, short, unsigned short)
    adafruit_ssd1680.o(.constdata__ZTV16Adafruit_SSD1680) refers to adafruit_gfx.o(i._ZN12Adafruit_GFX8drawRectEsssst) for Adafruit_GFX::drawRect(short, short, short, short, unsigned short)
    adafruit_ssd1680.o(.constdata__ZTV16Adafruit_SSD1680) refers to adafruit_gfx.o(i._ZN12Adafruit_GFX5writeEh) for Adafruit_GFX::write(unsigned char)
    adafruit_ssd1680.o(.constdata__ZTV16Adafruit_SSD1680) refers to adafruit_ssd1680.o(i._ZN16Adafruit_SSD168015writeRAMCommandEh) for Adafruit_SSD1680::writeRAMCommand(unsigned char)
    adafruit_ssd1680.o(.constdata__ZTV16Adafruit_SSD1680) refers to adafruit_ssd1680.o(i._ZN16Adafruit_SSD168013setRAMAddressEtt) for Adafruit_SSD1680::setRAMAddress(unsigned short, unsigned short)
    adafruit_ssd1680.o(.constdata__ZTV16Adafruit_SSD1680) refers to adafruit_ssd1680.o(i._ZN16Adafruit_SSD16809busy_waitEv) for Adafruit_SSD1680::busy_wait()
    adafruit_ssd1680.o(.constdata__ZTV16Adafruit_SSD1680) refers to adafruit_ssd1680.o(i._ZN16Adafruit_SSD16807powerUpEv) for Adafruit_SSD1680::powerUp()
    adafruit_ssd1680.o(.constdata__ZTV16Adafruit_SSD1680) refers to adafruit_ssd1680.o(i._ZN16Adafruit_SSD16806updateEv) for Adafruit_SSD1680::update()
    adafruit_ssd1680.o(.constdata__ZTV16Adafruit_SSD1680) refers to adafruit_ssd1680.o(i._ZN16Adafruit_SSD16809powerDownEv) for Adafruit_SSD1680::powerDown()
    adafruit_ssd1680.o(.constdata__ZTI16Adafruit_SSD1680) refers to lib_rtti_impl.o(.constdata__ZTVN10__cxxabiv120__si_class_type_infoE) for vtable for __cxxabiv1::__si_class_type_info
    adafruit_ssd1680.o(.constdata__ZTI16Adafruit_SSD1680) refers to adafruit_ssd1680.o(.constdata__ZTS16Adafruit_SSD1680) for typeinfo name for Adafruit_SSD1680
    adafruit_ssd1680.o(.constdata__ZTI16Adafruit_SSD1680) refers to adafruit_epd.o(.constdata__ZTI12Adafruit_EPD) for typeinfo for Adafruit_EPD
    adafruit_ssd1681.o(.constdata__ZTV16Adafruit_SSD1681) refers to adafruit_ssd1681.o(.constdata__ZTI16Adafruit_SSD1681) for typeinfo for Adafruit_SSD1681
    adafruit_ssd1681.o(.constdata__ZTV16Adafruit_SSD1681) refers to adafruit_epd.o(i._ZN12Adafruit_EPD9drawPixelEsst) for Adafruit_EPD::drawPixel(short, short, unsigned short)
    adafruit_ssd1681.o(.constdata__ZTV16Adafruit_SSD1681) refers to adafruit_gfx.o(i._ZN12Adafruit_GFX10startWriteEv) for Adafruit_GFX::startWrite()
    adafruit_ssd1681.o(.constdata__ZTV16Adafruit_SSD1681) refers to adafruit_gfx.o(i._ZN12Adafruit_GFX10writePixelEsst) for Adafruit_GFX::writePixel(short, short, unsigned short)
    adafruit_ssd1681.o(.constdata__ZTV16Adafruit_SSD1681) refers to adafruit_gfx.o(i._ZN12Adafruit_GFX13writeFillRectEsssst) for Adafruit_GFX::writeFillRect(short, short, short, short, unsigned short)
    adafruit_ssd1681.o(.constdata__ZTV16Adafruit_SSD1681) refers to adafruit_gfx.o(i._ZN12Adafruit_GFX14writeFastVLineEssst) for Adafruit_GFX::writeFastVLine(short, short, short, unsigned short)
    adafruit_ssd1681.o(.constdata__ZTV16Adafruit_SSD1681) refers to adafruit_gfx.o(i._ZN12Adafruit_GFX14writeFastHLineEssst) for Adafruit_GFX::writeFastHLine(short, short, short, unsigned short)
    adafruit_ssd1681.o(.constdata__ZTV16Adafruit_SSD1681) refers to adafruit_gfx.o(i._ZN12Adafruit_GFX9writeLineEsssst) for Adafruit_GFX::writeLine(short, short, short, short, unsigned short)
    adafruit_ssd1681.o(.constdata__ZTV16Adafruit_SSD1681) refers to adafruit_gfx.o(i._ZN12Adafruit_GFX8endWriteEv) for Adafruit_GFX::endWrite()
    adafruit_ssd1681.o(.constdata__ZTV16Adafruit_SSD1681) refers to adafruit_gfx.o(i._ZN12Adafruit_GFX11setRotationEh) for Adafruit_GFX::setRotation(unsigned char)
    adafruit_ssd1681.o(.constdata__ZTV16Adafruit_SSD1681) refers to adafruit_gfx.o(i._ZN12Adafruit_GFX13invertDisplayEb) for Adafruit_GFX::invertDisplay(bool)
    adafruit_ssd1681.o(.constdata__ZTV16Adafruit_SSD1681) refers to adafruit_gfx.o(i._ZN12Adafruit_GFX13drawFastVLineEssst) for Adafruit_GFX::drawFastVLine(short, short, short, unsigned short)
    adafruit_ssd1681.o(.constdata__ZTV16Adafruit_SSD1681) refers to adafruit_gfx.o(i._ZN12Adafruit_GFX13drawFastHLineEssst) for Adafruit_GFX::drawFastHLine(short, short, short, unsigned short)
    adafruit_ssd1681.o(.constdata__ZTV16Adafruit_SSD1681) refers to adafruit_gfx.o(i._ZN12Adafruit_GFX8fillRectEsssst) for Adafruit_GFX::fillRect(short, short, short, short, unsigned short)
    adafruit_ssd1681.o(.constdata__ZTV16Adafruit_SSD1681) refers to adafruit_gfx.o(i._ZN12Adafruit_GFX10fillScreenEt) for Adafruit_GFX::fillScreen(unsigned short)
    adafruit_ssd1681.o(.constdata__ZTV16Adafruit_SSD1681) refers to adafruit_gfx.o(i._ZN12Adafruit_GFX8drawLineEsssst) for Adafruit_GFX::drawLine(short, short, short, short, unsigned short)
    adafruit_ssd1681.o(.constdata__ZTV16Adafruit_SSD1681) refers to adafruit_gfx.o(i._ZN12Adafruit_GFX8drawRectEsssst) for Adafruit_GFX::drawRect(short, short, short, short, unsigned short)
    adafruit_ssd1681.o(.constdata__ZTV16Adafruit_SSD1681) refers to adafruit_gfx.o(i._ZN12Adafruit_GFX5writeEh) for Adafruit_GFX::write(unsigned char)
    adafruit_ssd1681.o(.constdata__ZTV16Adafruit_SSD1681) refers to adafruit_ssd1681.o(i._ZN16Adafruit_SSD168115writeRAMCommandEh) for Adafruit_SSD1681::writeRAMCommand(unsigned char)
    adafruit_ssd1681.o(.constdata__ZTV16Adafruit_SSD1681) refers to adafruit_ssd1681.o(i._ZN16Adafruit_SSD168113setRAMAddressEtt) for Adafruit_SSD1681::setRAMAddress(unsigned short, unsigned short)
    adafruit_ssd1681.o(.constdata__ZTV16Adafruit_SSD1681) refers to adafruit_ssd1681.o(i._ZN16Adafruit_SSD16819busy_waitEv) for Adafruit_SSD1681::busy_wait()
    adafruit_ssd1681.o(.constdata__ZTV16Adafruit_SSD1681) refers to adafruit_ssd1681.o(i._ZN16Adafruit_SSD16817powerUpEv) for Adafruit_SSD1681::powerUp()
    adafruit_ssd1681.o(.constdata__ZTV16Adafruit_SSD1681) refers to adafruit_ssd1681.o(i._ZN16Adafruit_SSD16816updateEv) for Adafruit_SSD1681::update()
    adafruit_ssd1681.o(.constdata__ZTV16Adafruit_SSD1681) refers to adafruit_ssd1681.o(i._ZN16Adafruit_SSD16819powerDownEv) for Adafruit_SSD1681::powerDown()
    adafruit_ssd1681.o(.constdata__ZTI16Adafruit_SSD1681) refers to lib_rtti_impl.o(.constdata__ZTVN10__cxxabiv120__si_class_type_infoE) for vtable for __cxxabiv1::__si_class_type_info
    adafruit_ssd1681.o(.constdata__ZTI16Adafruit_SSD1681) refers to adafruit_ssd1681.o(.constdata__ZTS16Adafruit_SSD1681) for typeinfo name for Adafruit_SSD1681
    adafruit_ssd1681.o(.constdata__ZTI16Adafruit_SSD1681) refers to adafruit_epd.o(.constdata__ZTI12Adafruit_EPD) for typeinfo for Adafruit_EPD
    lib_rtti_impl.o(.constdata__ZTVN10__cxxabiv123__fundamental_type_infoE) refers to lib_rtti_impl.o(.constdata__ZTIN10__cxxabiv123__fundamental_type_infoE) for typeinfo for __cxxabiv1::__fundamental_type_info
    lib_rtti_impl.o(.constdata__ZTVN10__cxxabiv123__fundamental_type_infoE) refers to lib_rtti_impl.o(i._ZN10__cxxabiv123__fundamental_type_infoD1Ev) for __cxxabiv1::__fundamental_type_info::~__fundamental_type_info()
    lib_rtti_impl.o(.constdata__ZTVN10__cxxabiv123__fundamental_type_infoE) refers to lib_rtti_impl.o(i._ZN10__cxxabiv123__fundamental_type_infoD0Ev) for __cxxabiv1::__fundamental_type_info::~__fundamental_type_info__deallocating()
    lib_rtti_impl.o(.constdata__ZTVN10__cxxabiv117__array_type_infoE) refers to lib_rtti_impl.o(.constdata__ZTIN10__cxxabiv117__array_type_infoE) for typeinfo for __cxxabiv1::__array_type_info
    lib_rtti_impl.o(.constdata__ZTVN10__cxxabiv117__array_type_infoE) refers to lib_rtti_impl.o(i._ZN10__cxxabiv117__array_type_infoD1Ev) for __cxxabiv1::__array_type_info::~__array_type_info()
    lib_rtti_impl.o(.constdata__ZTVN10__cxxabiv117__array_type_infoE) refers to lib_rtti_impl.o(i._ZN10__cxxabiv117__array_type_infoD0Ev) for __cxxabiv1::__array_type_info::~__array_type_info__deallocating()
    lib_rtti_impl.o(.constdata__ZTVN10__cxxabiv120__function_type_infoE) refers to lib_rtti_impl.o(.constdata__ZTIN10__cxxabiv120__function_type_infoE) for typeinfo for __cxxabiv1::__function_type_info
    lib_rtti_impl.o(.constdata__ZTVN10__cxxabiv120__function_type_infoE) refers to lib_rtti_impl.o(i._ZN10__cxxabiv120__function_type_infoD1Ev) for __cxxabiv1::__function_type_info::~__function_type_info()
    lib_rtti_impl.o(.constdata__ZTVN10__cxxabiv120__function_type_infoE) refers to lib_rtti_impl.o(i._ZN10__cxxabiv120__function_type_infoD0Ev) for __cxxabiv1::__function_type_info::~__function_type_info__deallocating()
    lib_rtti_impl.o(.constdata__ZTVN10__cxxabiv116__enum_type_infoE) refers to lib_rtti_impl.o(.constdata__ZTIN10__cxxabiv116__enum_type_infoE) for typeinfo for __cxxabiv1::__enum_type_info
    lib_rtti_impl.o(.constdata__ZTVN10__cxxabiv116__enum_type_infoE) refers to lib_rtti_impl.o(i._ZN10__cxxabiv116__enum_type_infoD1Ev) for __cxxabiv1::__enum_type_info::~__enum_type_info()
    lib_rtti_impl.o(.constdata__ZTVN10__cxxabiv116__enum_type_infoE) refers to lib_rtti_impl.o(i._ZN10__cxxabiv116__enum_type_infoD0Ev) for __cxxabiv1::__enum_type_info::~__enum_type_info__deallocating()
    lib_rtti_impl.o(.constdata__ZTVN10__cxxabiv117__class_type_infoE) refers to lib_rtti_impl.o(.constdata__ZTIN10__cxxabiv117__class_type_infoE) for typeinfo for __cxxabiv1::__class_type_info
    lib_rtti_impl.o(.constdata__ZTVN10__cxxabiv117__class_type_infoE) refers to lib_rtti_impl.o(i._ZN10__cxxabiv117__class_type_infoD1Ev) for __cxxabiv1::__class_type_info::~__class_type_info()
    lib_rtti_impl.o(.constdata__ZTVN10__cxxabiv117__class_type_infoE) refers to lib_rtti_impl.o(i._ZN10__cxxabiv117__class_type_infoD0Ev) for __cxxabiv1::__class_type_info::~__class_type_info__deallocating()
    lib_rtti_impl.o(.constdata__ZTVN10__cxxabiv120__si_class_type_infoE) refers to lib_rtti_impl.o(.constdata__ZTIN10__cxxabiv120__si_class_type_infoE) for typeinfo for __cxxabiv1::__si_class_type_info
    lib_rtti_impl.o(.constdata__ZTVN10__cxxabiv120__si_class_type_infoE) refers to lib_rtti_impl.o(i._ZN10__cxxabiv120__si_class_type_infoD1Ev) for __cxxabiv1::__si_class_type_info::~__si_class_type_info()
    lib_rtti_impl.o(.constdata__ZTVN10__cxxabiv120__si_class_type_infoE) refers to lib_rtti_impl.o(i._ZN10__cxxabiv120__si_class_type_infoD0Ev) for __cxxabiv1::__si_class_type_info::~__si_class_type_info__deallocating()
    lib_rtti_impl.o(.constdata__ZTVN10__cxxabiv121__vmi_class_type_infoE) refers to lib_rtti_impl.o(.constdata__ZTIN10__cxxabiv121__vmi_class_type_infoE) for typeinfo for __cxxabiv1::__vmi_class_type_info
    lib_rtti_impl.o(.constdata__ZTVN10__cxxabiv121__vmi_class_type_infoE) refers to lib_rtti_impl.o(i._ZN10__cxxabiv121__vmi_class_type_infoD1Ev) for __cxxabiv1::__vmi_class_type_info::~__vmi_class_type_info()
    lib_rtti_impl.o(.constdata__ZTVN10__cxxabiv121__vmi_class_type_infoE) refers to lib_rtti_impl.o(i._ZN10__cxxabiv121__vmi_class_type_infoD0Ev) for __cxxabiv1::__vmi_class_type_info::~__vmi_class_type_info__deallocating()
    lib_rtti_impl.o(.constdata__ZTVN10__cxxabiv117__pbase_type_infoE) refers to lib_rtti_impl.o(.constdata__ZTIN10__cxxabiv117__pbase_type_infoE) for typeinfo for __cxxabiv1::__pbase_type_info
    lib_rtti_impl.o(.constdata__ZTVN10__cxxabiv117__pbase_type_infoE) refers to lib_rtti_impl.o(i._ZN10__cxxabiv117__pbase_type_infoD1Ev) for __cxxabiv1::__pbase_type_info::~__pbase_type_info()
    lib_rtti_impl.o(.constdata__ZTVN10__cxxabiv117__pbase_type_infoE) refers to lib_rtti_impl.o(i._ZN10__cxxabiv117__pbase_type_infoD0Ev) for __cxxabiv1::__pbase_type_info::~__pbase_type_info__deallocating()
    lib_rtti_impl.o(.constdata__ZTVN10__cxxabiv119__pointer_type_infoE) refers to lib_rtti_impl.o(.constdata__ZTIN10__cxxabiv119__pointer_type_infoE) for typeinfo for __cxxabiv1::__pointer_type_info
    lib_rtti_impl.o(.constdata__ZTVN10__cxxabiv119__pointer_type_infoE) refers to lib_rtti_impl.o(i._ZN10__cxxabiv119__pointer_type_infoD1Ev) for __cxxabiv1::__pointer_type_info::~__pointer_type_info()
    lib_rtti_impl.o(.constdata__ZTVN10__cxxabiv119__pointer_type_infoE) refers to lib_rtti_impl.o(i._ZN10__cxxabiv119__pointer_type_infoD0Ev) for __cxxabiv1::__pointer_type_info::~__pointer_type_info__deallocating()
    lib_rtti_impl.o(.constdata__ZTVN10__cxxabiv129__pointer_to_member_type_infoE) refers to lib_rtti_impl.o(.constdata__ZTIN10__cxxabiv129__pointer_to_member_type_infoE) for typeinfo for __cxxabiv1::__pointer_to_member_type_info
    lib_rtti_impl.o(.constdata__ZTVN10__cxxabiv129__pointer_to_member_type_infoE) refers to lib_rtti_impl.o(i._ZN10__cxxabiv129__pointer_to_member_type_infoD1Ev) for __cxxabiv1::__pointer_to_member_type_info::~__pointer_to_member_type_info()
    lib_rtti_impl.o(.constdata__ZTVN10__cxxabiv129__pointer_to_member_type_infoE) refers to lib_rtti_impl.o(i._ZN10__cxxabiv129__pointer_to_member_type_infoD0Ev) for __cxxabiv1::__pointer_to_member_type_info::~__pointer_to_member_type_info__deallocating()
    lib_rtti_impl.o(.ARM.exidx) refers to lib_rtti_impl.o(i._ZNSt9type_infodlEPv) for i._ZNSt9type_infodlEPv
    lib_rtti_impl.o(.constdata__ZTIN10__cxxabiv123__fundamental_type_infoE) refers to lib_rtti_impl.o(.constdata__ZTVN10__cxxabiv120__si_class_type_infoE) for vtable for __cxxabiv1::__si_class_type_info
    lib_rtti_impl.o(.constdata__ZTIN10__cxxabiv123__fundamental_type_infoE) refers to lib_rtti_impl.o(.constdata__ZTSN10__cxxabiv123__fundamental_type_infoE) for typeinfo name for __cxxabiv1::__fundamental_type_info
    lib_rtti_impl.o(.constdata__ZTIN10__cxxabiv123__fundamental_type_infoE) refers to type_info_dtor.o(.constdata__ZTISt9type_info) for typeinfo for std::type_info
    lib_rtti_impl.o(.constdata__ZTIN10__cxxabiv117__array_type_infoE) refers to lib_rtti_impl.o(.constdata__ZTVN10__cxxabiv120__si_class_type_infoE) for vtable for __cxxabiv1::__si_class_type_info
    lib_rtti_impl.o(.constdata__ZTIN10__cxxabiv117__array_type_infoE) refers to lib_rtti_impl.o(.constdata__ZTSN10__cxxabiv117__array_type_infoE) for typeinfo name for __cxxabiv1::__array_type_info
    lib_rtti_impl.o(.constdata__ZTIN10__cxxabiv117__array_type_infoE) refers to type_info_dtor.o(.constdata__ZTISt9type_info) for typeinfo for std::type_info
    lib_rtti_impl.o(.constdata__ZTIN10__cxxabiv120__function_type_infoE) refers to lib_rtti_impl.o(.constdata__ZTVN10__cxxabiv120__si_class_type_infoE) for vtable for __cxxabiv1::__si_class_type_info
    lib_rtti_impl.o(.constdata__ZTIN10__cxxabiv120__function_type_infoE) refers to lib_rtti_impl.o(.constdata__ZTSN10__cxxabiv120__function_type_infoE) for typeinfo name for __cxxabiv1::__function_type_info
    lib_rtti_impl.o(.constdata__ZTIN10__cxxabiv120__function_type_infoE) refers to type_info_dtor.o(.constdata__ZTISt9type_info) for typeinfo for std::type_info
    lib_rtti_impl.o(.constdata__ZTIN10__cxxabiv116__enum_type_infoE) refers to lib_rtti_impl.o(.constdata__ZTVN10__cxxabiv120__si_class_type_infoE) for vtable for __cxxabiv1::__si_class_type_info
    lib_rtti_impl.o(.constdata__ZTIN10__cxxabiv116__enum_type_infoE) refers to lib_rtti_impl.o(.constdata__ZTSN10__cxxabiv116__enum_type_infoE) for typeinfo name for __cxxabiv1::__enum_type_info
    lib_rtti_impl.o(.constdata__ZTIN10__cxxabiv116__enum_type_infoE) refers to type_info_dtor.o(.constdata__ZTISt9type_info) for typeinfo for std::type_info
    lib_rtti_impl.o(.constdata__ZTIN10__cxxabiv117__class_type_infoE) refers to lib_rtti_impl.o(.constdata__ZTVN10__cxxabiv120__si_class_type_infoE) for vtable for __cxxabiv1::__si_class_type_info
    lib_rtti_impl.o(.constdata__ZTIN10__cxxabiv117__class_type_infoE) refers to lib_rtti_impl.o(.constdata__ZTSN10__cxxabiv117__class_type_infoE) for typeinfo name for __cxxabiv1::__class_type_info
    lib_rtti_impl.o(.constdata__ZTIN10__cxxabiv117__class_type_infoE) refers to type_info_dtor.o(.constdata__ZTISt9type_info) for typeinfo for std::type_info
    lib_rtti_impl.o(.constdata__ZTIN10__cxxabiv120__si_class_type_infoE) refers to lib_rtti_impl.o(.constdata__ZTVN10__cxxabiv120__si_class_type_infoE) for vtable for __cxxabiv1::__si_class_type_info
    lib_rtti_impl.o(.constdata__ZTIN10__cxxabiv120__si_class_type_infoE) refers to lib_rtti_impl.o(.constdata__ZTSN10__cxxabiv120__si_class_type_infoE) for typeinfo name for __cxxabiv1::__si_class_type_info
    lib_rtti_impl.o(.constdata__ZTIN10__cxxabiv120__si_class_type_infoE) refers to lib_rtti_impl.o(.constdata__ZTIN10__cxxabiv117__class_type_infoE) for typeinfo for __cxxabiv1::__class_type_info
    lib_rtti_impl.o(.constdata__ZTIN10__cxxabiv121__vmi_class_type_infoE) refers to lib_rtti_impl.o(.constdata__ZTVN10__cxxabiv120__si_class_type_infoE) for vtable for __cxxabiv1::__si_class_type_info
    lib_rtti_impl.o(.constdata__ZTIN10__cxxabiv121__vmi_class_type_infoE) refers to lib_rtti_impl.o(.constdata__ZTSN10__cxxabiv121__vmi_class_type_infoE) for typeinfo name for __cxxabiv1::__vmi_class_type_info
    lib_rtti_impl.o(.constdata__ZTIN10__cxxabiv121__vmi_class_type_infoE) refers to lib_rtti_impl.o(.constdata__ZTIN10__cxxabiv117__class_type_infoE) for typeinfo for __cxxabiv1::__class_type_info
    lib_rtti_impl.o(.constdata__ZTIN10__cxxabiv117__pbase_type_infoE) refers to lib_rtti_impl.o(.constdata__ZTVN10__cxxabiv120__si_class_type_infoE) for vtable for __cxxabiv1::__si_class_type_info
    lib_rtti_impl.o(.constdata__ZTIN10__cxxabiv117__pbase_type_infoE) refers to lib_rtti_impl.o(.constdata__ZTSN10__cxxabiv117__pbase_type_infoE) for typeinfo name for __cxxabiv1::__pbase_type_info
    lib_rtti_impl.o(.constdata__ZTIN10__cxxabiv117__pbase_type_infoE) refers to type_info_dtor.o(.constdata__ZTISt9type_info) for typeinfo for std::type_info
    lib_rtti_impl.o(.constdata__ZTIN10__cxxabiv119__pointer_type_infoE) refers to lib_rtti_impl.o(.constdata__ZTVN10__cxxabiv120__si_class_type_infoE) for vtable for __cxxabiv1::__si_class_type_info
    lib_rtti_impl.o(.constdata__ZTIN10__cxxabiv119__pointer_type_infoE) refers to lib_rtti_impl.o(.constdata__ZTSN10__cxxabiv119__pointer_type_infoE) for typeinfo name for __cxxabiv1::__pointer_type_info
    lib_rtti_impl.o(.constdata__ZTIN10__cxxabiv119__pointer_type_infoE) refers to lib_rtti_impl.o(.constdata__ZTIN10__cxxabiv117__pbase_type_infoE) for typeinfo for __cxxabiv1::__pbase_type_info
    lib_rtti_impl.o(.constdata__ZTIN10__cxxabiv129__pointer_to_member_type_infoE) refers to lib_rtti_impl.o(.constdata__ZTVN10__cxxabiv120__si_class_type_infoE) for vtable for __cxxabiv1::__si_class_type_info
    lib_rtti_impl.o(.constdata__ZTIN10__cxxabiv129__pointer_to_member_type_infoE) refers to lib_rtti_impl.o(.constdata__ZTSN10__cxxabiv129__pointer_to_member_type_infoE) for typeinfo name for __cxxabiv1::__pointer_to_member_type_info
    lib_rtti_impl.o(.constdata__ZTIN10__cxxabiv129__pointer_to_member_type_infoE) refers to lib_rtti_impl.o(.constdata__ZTIN10__cxxabiv117__pbase_type_infoE) for typeinfo for __cxxabiv1::__pbase_type_info
    lib_rtti_impl.o(i.__ARM_common_noexcept_landing) refers to arm_exceptions_callterm.o(.text) for __cxa_call_terminate
    lib_rtti_impl.o(.ARM.exidx) refers to lib_rtti_impl.o(i.__ARM_common_noexcept_landing) for i.__ARM_common_noexcept_landing
    bad_alloc_dtor.o(.constdata__ZTVSt9bad_alloc) refers to bad_alloc_dtor.o(.constdata__ZTISt9bad_alloc) for typeinfo for std::bad_alloc
    bad_alloc_dtor.o(.constdata__ZTVSt9bad_alloc) refers to bad_alloc_dtor.o(i._ZNSt9bad_allocD1Ev) for std::bad_alloc::~bad_alloc()
    bad_alloc_dtor.o(.constdata__ZTVSt9bad_alloc) refers to bad_alloc_dtor.o(i._ZNSt9bad_allocD0Ev) for std::bad_alloc::~bad_alloc__deallocating()
    bad_alloc_dtor.o(.constdata__ZTVSt9bad_alloc) refers to bad_alloc_what.o(i._ZNKSt9bad_alloc4whatEv) for std::bad_alloc::what() const
    bad_alloc_dtor.o(.constdata__ZTISt9bad_alloc) refers to lib_rtti_impl.o(.constdata__ZTVN10__cxxabiv120__si_class_type_infoE) for vtable for __cxxabiv1::__si_class_type_info
    bad_alloc_dtor.o(.constdata__ZTISt9bad_alloc) refers to bad_alloc_dtor.o(.constdata__ZTSSt9bad_alloc) for typeinfo name for std::bad_alloc
    bad_alloc_dtor.o(.constdata__ZTISt9bad_alloc) refers to exception_dtor.o(.constdata__ZTISt9exception) for typeinfo for std::exception
    type_info_dtor.o(.constdata__ZTVSt9type_info) refers to type_info_dtor.o(.constdata__ZTISt9type_info) for typeinfo for std::type_info
    type_info_dtor.o(.constdata__ZTVSt9type_info) refers to type_info_dtor.o(i._ZNSt9type_infoD1Ev) for std::type_info::~type_info()
    type_info_dtor.o(.constdata__ZTVSt9type_info) refers to type_info_dtor.o(i._ZNSt9type_infoD0Ev) for std::type_info::~type_info__deallocating()
    type_info_dtor.o(.constdata__ZTISt9type_info) refers to lib_rtti_impl.o(.constdata__ZTVN10__cxxabiv117__class_type_infoE) for vtable for __cxxabiv1::__class_type_info
    type_info_dtor.o(.constdata__ZTISt9type_info) refers to type_info_dtor.o(.constdata__ZTSSt9type_info) for typeinfo name for std::type_info
    exception_dtor.o(.constdata__ZTVSt9exception) refers to exception_dtor.o(.constdata__ZTISt9exception) for typeinfo for std::exception
    exception_dtor.o(.constdata__ZTVSt9exception) refers to exception_dtor.o(i._ZNSt9exceptionD1Ev) for std::exception::~exception()
    exception_dtor.o(.constdata__ZTVSt9exception) refers to exception_dtor.o(i._ZNSt9exceptionD0Ev) for std::exception::~exception__deallocating()
    exception_dtor.o(.constdata__ZTVSt9exception) refers to exception_what.o(i._ZNKSt9exception4whatEv) for std::exception::what() const
    exception_dtor.o(.constdata__ZTISt9exception) refers to lib_rtti_impl.o(.constdata__ZTVN10__cxxabiv117__class_type_infoE) for vtable for __cxxabiv1::__class_type_info
    exception_dtor.o(.constdata__ZTISt9exception) refers to exception_dtor.o(.constdata__ZTSSt9exception) for typeinfo name for std::exception


==============================================================================

Removing Unused input sections from the image.

    Removing epdtest.o(.ARM.exidx), (8 bytes).
    Removing epdtest.o(.ARM.exidx), (8 bytes).
    Removing epdtest.o(.ARM.exidx), (8 bytes).
    Removing glcdfont.o(.constdata), (1280 bytes).
    Removing adafruit_epd.o(i._ZN12Adafruit_EPD12clearDisplayEv), (28 bytes).
    Removing adafruit_epd.o(i._ZN12Adafruit_EPD8EPD_dataEh), (40 bytes).
    Removing adafruit_epd.o(i._ZN12Adafruit_EPDC2Eiiaaaaaaaa), (196 bytes).
    Removing adafruit_epd.o(.ARM.exidx), (8 bytes).
    Removing adafruit_epd.o(.ARM.exidx), (8 bytes).
    Removing adafruit_epd.o(.ARM.exidx), (8 bytes).
    Removing adafruit_epd.o(.ARM.exidx), (8 bytes).
    Removing adafruit_epd.o(.ARM.exidx), (8 bytes).
    Removing adafruit_epd.o(.ARM.exidx), (8 bytes).
    Removing adafruit_epd.o(.ARM.exidx), (8 bytes).
    Removing adafruit_epd.o(.ARM.exidx), (8 bytes).
    Removing adafruit_epd.o(.ARM.exidx), (8 bytes).
    Removing adafruit_epd.o(.ARM.exidx), (8 bytes).
    Removing adafruit_epd.o(.ARM.exidx), (8 bytes).
    Removing adafruit_epd.o(.ARM.exidx), (8 bytes).
    Removing adafruit_epd.o(.ARM.exidx), (8 bytes).
    Removing adafruit_epd.o(.ARM.exidx), (8 bytes).
    Removing adafruit_epd.o(.ARM.exidx), (8 bytes).
    Removing adafruit_epd.o(.ARM.exidx), (8 bytes).
    Removing adafruit_epd.o(.ARM.exidx), (8 bytes).
    Removing adafruit_epd.o(.ARM.exidx), (8 bytes).
    Removing adafruit_epd.o(.ARM.exidx), (8 bytes).
    Removing adafruit_epd.o(.ARM.exidx), (8 bytes).
    Removing adafruit_epd.o(.ARM.exidx), (8 bytes).
    Removing adafruit_gfx.o(i._ZN10GFXcanvas110fillScreenEt), (54 bytes).
    Removing adafruit_gfx.o(i._ZN10GFXcanvas113drawFastHLineEssst), (276 bytes).
    Removing adafruit_gfx.o(i._ZN10GFXcanvas113drawFastVLineEssst), (276 bytes).
    Removing adafruit_gfx.o(i._ZN10GFXcanvas116drawFastRawHLineEssst), (206 bytes).
    Removing adafruit_gfx.o(i._ZN10GFXcanvas116drawFastRawVLineEssst), (132 bytes).
    Removing adafruit_gfx.o(i._ZN10GFXcanvas19drawPixelEsst), (192 bytes).
    Removing adafruit_gfx.o(i._ZN10GFXcanvas1C1Ett), (68 bytes).
    Removing adafruit_gfx.o(i._ZN10GFXcanvas1D1Ev), (28 bytes).
    Removing adafruit_gfx.o(i._ZN10GFXcanvas810fillScreenEt), (28 bytes).
    Removing adafruit_gfx.o(i._ZN10GFXcanvas813drawFastHLineEssst), (276 bytes).
    Removing adafruit_gfx.o(i._ZN10GFXcanvas813drawFastVLineEssst), (276 bytes).
    Removing adafruit_gfx.o(i._ZN10GFXcanvas816drawFastRawHLineEssst), (40 bytes).
    Removing adafruit_gfx.o(i._ZN10GFXcanvas816drawFastRawVLineEssst), (38 bytes).
    Removing adafruit_gfx.o(i._ZN10GFXcanvas89drawPixelEsst), (118 bytes).
    Removing adafruit_gfx.o(i._ZN10GFXcanvas8C1Ett), (60 bytes).
    Removing adafruit_gfx.o(i._ZN10GFXcanvas8D1Ev), (28 bytes).
    Removing adafruit_gfx.o(i._ZN11GFXcanvas1610fillScreenEt), (72 bytes).
    Removing adafruit_gfx.o(i._ZN11GFXcanvas1613drawFastHLineEssst), (276 bytes).
    Removing adafruit_gfx.o(i._ZN11GFXcanvas1613drawFastVLineEssst), (276 bytes).
    Removing adafruit_gfx.o(i._ZN11GFXcanvas1616drawFastRawHLineEssst), (36 bytes).
    Removing adafruit_gfx.o(i._ZN11GFXcanvas1616drawFastRawVLineEssst), (44 bytes).
    Removing adafruit_gfx.o(i._ZN11GFXcanvas168byteSwapEv), (52 bytes).
    Removing adafruit_gfx.o(i._ZN11GFXcanvas169drawPixelEsst), (118 bytes).
    Removing adafruit_gfx.o(i._ZN11GFXcanvas16C1Ett), (60 bytes).
    Removing adafruit_gfx.o(i._ZN11GFXcanvas16D1Ev), (28 bytes).
    Removing adafruit_gfx.o(i._ZN12Adafruit_GFX10charBoundsEhPsS0_S0_S0_S0_S0_), (526 bytes).
    Removing adafruit_gfx.o(i._ZN12Adafruit_GFX10drawBitmapEssPKhsst), (150 bytes).
    Removing adafruit_gfx.o(i._ZN12Adafruit_GFX10drawBitmapEssPKhsstt), (156 bytes).
    Removing adafruit_gfx.o(i._ZN12Adafruit_GFX10drawBitmapEssPhsst), (150 bytes).
    Removing adafruit_gfx.o(i._ZN12Adafruit_GFX10drawBitmapEssPhsstt), (156 bytes).
    Removing adafruit_gfx.o(i._ZN12Adafruit_GFX10drawCircleEssst), (372 bytes).
    Removing adafruit_gfx.o(i._ZN12Adafruit_GFX10fillCircleEssst), (80 bytes).
    Removing adafruit_gfx.o(i._ZN12Adafruit_GFX10fillScreenEt), (32 bytes).
    Removing adafruit_gfx.o(i._ZN12Adafruit_GFX11drawXBitmapEssPKhsst), (146 bytes).
    Removing adafruit_gfx.o(i._ZN12Adafruit_GFX11setRotationEh), (52 bytes).
    Removing adafruit_gfx.o(i._ZN12Adafruit_GFX11setTextSizeEh), (18 bytes).
    Removing adafruit_gfx.o(i._ZN12Adafruit_GFX11setTextSizeEhh), (26 bytes).
    Removing adafruit_gfx.o(i._ZN12Adafruit_GFX12drawTriangleEsssssst), (86 bytes).
    Removing adafruit_gfx.o(i._ZN12Adafruit_GFX12fillTriangleEsssssst), (464 bytes).
    Removing adafruit_gfx.o(i._ZN12Adafruit_GFX13drawRGBBitmapEssPKtPKhss), (156 bytes).
    Removing adafruit_gfx.o(i._ZN12Adafruit_GFX13drawRGBBitmapEssPKtss), (92 bytes).
    Removing adafruit_gfx.o(i._ZN12Adafruit_GFX13drawRGBBitmapEssPtPhss), (156 bytes).
    Removing adafruit_gfx.o(i._ZN12Adafruit_GFX13drawRGBBitmapEssPtss), (92 bytes).
    Removing adafruit_gfx.o(i._ZN12Adafruit_GFX13drawRoundRectEssssst), (306 bytes).
    Removing adafruit_gfx.o(i._ZN12Adafruit_GFX13fillRoundRectEssssst), (172 bytes).
    Removing adafruit_gfx.o(i._ZN12Adafruit_GFX13getTextBoundsEPKcssPsS2_PtS3_), (164 bytes).
    Removing adafruit_gfx.o(i._ZN12Adafruit_GFX13getTextBoundsERKSsssPsS2_PtS3_), (62 bytes).
    Removing adafruit_gfx.o(i._ZN12Adafruit_GFX13invertDisplayEb), (2 bytes).
    Removing adafruit_gfx.o(i._ZN12Adafruit_GFX13writeFillRectEsssst), (40 bytes).
    Removing adafruit_gfx.o(i._ZN12Adafruit_GFX14writeFastHLineEssst), (40 bytes).
    Removing adafruit_gfx.o(i._ZN12Adafruit_GFX14writeFastVLineEssst), (40 bytes).
    Removing adafruit_gfx.o(i._ZN12Adafruit_GFX16drawCircleHelperEsssht), (298 bytes).
    Removing adafruit_gfx.o(i._ZN12Adafruit_GFX16fillCircleHelperEssshst), (298 bytes).
    Removing adafruit_gfx.o(i._ZN12Adafruit_GFX19drawGrayscaleBitmapEssPKhS1_ss), (156 bytes).
    Removing adafruit_gfx.o(i._ZN12Adafruit_GFX19drawGrayscaleBitmapEssPKhss), (92 bytes).
    Removing adafruit_gfx.o(i._ZN12Adafruit_GFX19drawGrayscaleBitmapEssPhS0_ss), (156 bytes).
    Removing adafruit_gfx.o(i._ZN12Adafruit_GFX19drawGrayscaleBitmapEssPhss), (92 bytes).
    Removing adafruit_gfx.o(i._ZN12Adafruit_GFX5writeEh), (328 bytes).
    Removing adafruit_gfx.o(i._ZN12Adafruit_GFX7setFontEPK7GFXfont), (32 bytes).
    Removing adafruit_gfx.o(i._ZN12Adafruit_GFX8drawCharEsshtth), (44 bytes).
    Removing adafruit_gfx.o(i._ZN12Adafruit_GFX8drawCharEsshtthh), (664 bytes).
    Removing adafruit_gfx.o(i._ZN12Adafruit_GFX8drawRectEsssst), (120 bytes).
    Removing adafruit_gfx.o(i._ZN12Adafruit_GFX8fillRectEsssst), (70 bytes).
    Removing adafruit_gfx.o(i._ZN19Adafruit_GFX_Button10drawButtonEb), (232 bytes).
    Removing adafruit_gfx.o(i._ZN19Adafruit_GFX_Button10initButtonEP12Adafruit_GFXsstttttPch), (76 bytes).
    Removing adafruit_gfx.o(i._ZN19Adafruit_GFX_Button10initButtonEP12Adafruit_GFXsstttttPchh), (66 bytes).
    Removing adafruit_gfx.o(i._ZN19Adafruit_GFX_Button11justPressedEv), (18 bytes).
    Removing adafruit_gfx.o(i._ZN19Adafruit_GFX_Button12initButtonULEP12Adafruit_GFXsstttttPch), (48 bytes).
    Removing adafruit_gfx.o(i._ZN19Adafruit_GFX_Button12initButtonULEP12Adafruit_GFXsstttttPchh), (70 bytes).
    Removing adafruit_gfx.o(i._ZN19Adafruit_GFX_Button12justReleasedEv), (18 bytes).
    Removing adafruit_gfx.o(i._ZN19Adafruit_GFX_Button8containsEss), (52 bytes).
    Removing adafruit_gfx.o(i._ZN19Adafruit_GFX_ButtonC1Ev), (6 bytes).
    Removing adafruit_gfx.o(i._ZNK10GFXcanvas111getRawPixelEss), (116 bytes).
    Removing adafruit_gfx.o(i._ZNK10GFXcanvas18getPixelEss), (88 bytes).
    Removing adafruit_gfx.o(i._ZNK10GFXcanvas811getRawPixelEss), (54 bytes).
    Removing adafruit_gfx.o(i._ZNK10GFXcanvas88getPixelEss), (84 bytes).
    Removing adafruit_gfx.o(i._ZNK11GFXcanvas1611getRawPixelEss), (56 bytes).
    Removing adafruit_gfx.o(i._ZNK11GFXcanvas168getPixelEss), (84 bytes).
    Removing adafruit_gfx.o(.ARM.exidx), (8 bytes).
    Removing adafruit_gfx.o(.ARM.exidx), (8 bytes).
    Removing adafruit_gfx.o(.ARM.exidx), (8 bytes).
    Removing adafruit_gfx.o(.ARM.exidx), (8 bytes).
    Removing adafruit_gfx.o(.ARM.exidx), (8 bytes).
    Removing adafruit_gfx.o(.ARM.exidx), (8 bytes).
    Removing adafruit_gfx.o(.ARM.exidx), (8 bytes).
    Removing adafruit_gfx.o(.ARM.exidx), (8 bytes).
    Removing adafruit_gfx.o(.ARM.exidx), (8 bytes).
    Removing adafruit_gfx.o(.ARM.exidx), (8 bytes).
    Removing adafruit_gfx.o(.ARM.exidx), (8 bytes).
    Removing adafruit_gfx.o(.ARM.exidx), (8 bytes).
    Removing adafruit_gfx.o(.ARM.exidx), (8 bytes).
    Removing adafruit_gfx.o(.ARM.exidx), (8 bytes).
    Removing adafruit_gfx.o(.ARM.exidx), (8 bytes).
    Removing adafruit_gfx.o(.ARM.exidx), (8 bytes).
    Removing adafruit_gfx.o(.ARM.exidx), (8 bytes).
    Removing adafruit_gfx.o(.ARM.exidx), (8 bytes).
    Removing adafruit_gfx.o(.ARM.exidx), (8 bytes).
    Removing adafruit_gfx.o(.ARM.exidx), (8 bytes).
    Removing adafruit_gfx.o(.ARM.exidx), (8 bytes).
    Removing adafruit_gfx.o(.ARM.exidx), (8 bytes).
    Removing adafruit_gfx.o(.ARM.exidx), (8 bytes).
    Removing adafruit_gfx.o(.ARM.exidx), (8 bytes).
    Removing adafruit_gfx.o(.ARM.exidx), (8 bytes).
    Removing adafruit_gfx.o(.ARM.exidx), (8 bytes).
    Removing adafruit_gfx.o(.ARM.exidx), (8 bytes).
    Removing adafruit_gfx.o(.ARM.exidx), (8 bytes).
    Removing adafruit_gfx.o(.ARM.exidx), (8 bytes).
    Removing adafruit_gfx.o(.ARM.exidx), (8 bytes).
    Removing adafruit_gfx.o(.ARM.exidx), (8 bytes).
    Removing adafruit_gfx.o(.ARM.exidx), (8 bytes).
    Removing adafruit_gfx.o(.ARM.exidx), (8 bytes).
    Removing adafruit_gfx.o(.ARM.exidx), (8 bytes).
    Removing adafruit_gfx.o(.ARM.exidx), (8 bytes).
    Removing adafruit_gfx.o(.ARM.exidx), (8 bytes).
    Removing adafruit_gfx.o(.ARM.exidx), (8 bytes).
    Removing adafruit_gfx.o(.ARM.exidx), (8 bytes).
    Removing adafruit_gfx.o(.ARM.exidx), (8 bytes).
    Removing adafruit_gfx.o(.ARM.exidx), (8 bytes).
    Removing adafruit_gfx.o(.ARM.exidx), (8 bytes).
    Removing adafruit_gfx.o(.ARM.exidx), (8 bytes).
    Removing adafruit_gfx.o(.ARM.exidx), (8 bytes).
    Removing adafruit_gfx.o(.ARM.exidx), (8 bytes).
    Removing adafruit_gfx.o(.ARM.exidx), (8 bytes).
    Removing adafruit_gfx.o(.ARM.exidx), (8 bytes).
    Removing adafruit_gfx.o(.ARM.exidx), (8 bytes).
    Removing adafruit_gfx.o(.ARM.exidx), (8 bytes).
    Removing adafruit_gfx.o(.ARM.exidx), (8 bytes).
    Removing adafruit_gfx.o(.ARM.exidx), (8 bytes).
    Removing adafruit_gfx.o(.ARM.exidx), (8 bytes).
    Removing adafruit_gfx.o(.ARM.exidx), (8 bytes).
    Removing adafruit_gfx.o(.ARM.exidx), (8 bytes).
    Removing adafruit_gfx.o(.ARM.exidx), (8 bytes).
    Removing adafruit_gfx.o(.ARM.exidx), (8 bytes).
    Removing adafruit_gfx.o(.ARM.exidx), (8 bytes).
    Removing adafruit_gfx.o(.ARM.exidx), (8 bytes).
    Removing adafruit_gfx.o(.ARM.exidx), (8 bytes).
    Removing adafruit_gfx.o(.ARM.exidx), (8 bytes).
    Removing adafruit_gfx.o(.ARM.exidx), (8 bytes).
    Removing adafruit_gfx.o(.ARM.exidx), (8 bytes).
    Removing adafruit_gfx.o(.ARM.exidx), (8 bytes).
    Removing adafruit_gfx.o(.ARM.exidx), (8 bytes).
    Removing adafruit_gfx.o(.ARM.exidx), (8 bytes).
    Removing adafruit_gfx.o(.ARM.exidx), (8 bytes).
    Removing adafruit_gfx.o(.ARM.exidx), (8 bytes).
    Removing adafruit_gfx.o(.ARM.exidx), (8 bytes).
    Removing adafruit_gfx.o(.ARM.exidx), (8 bytes).
    Removing adafruit_gfx.o(.ARM.exidx), (8 bytes).
    Removing adafruit_gfx.o(.ARM.exidx), (8 bytes).
    Removing adafruit_gfx.o(.ARM.exidx), (8 bytes).
    Removing adafruit_gfx.o(.ARM.exidx), (8 bytes).
    Removing adafruit_gfx.o(.ARM.exidx), (8 bytes).
    Removing adafruit_gfx.o(.ARM.exidx), (8 bytes).
    Removing adafruit_gfx.o(.ARM.exidx), (8 bytes).
    Removing adafruit_gfx.o(.ARM.exidx), (8 bytes).
    Removing adafruit_gfx.o(.ARM.exidx), (8 bytes).
    Removing adafruit_gfx.o(.ARM.exidx), (8 bytes).
    Removing adafruit_gfx.o(.ARM.exidx), (8 bytes).
    Removing adafruit_gfx.o(.ARM.exidx), (8 bytes).
    Removing adafruit_gfx.o(.ARM.exidx), (8 bytes).
    Removing adafruit_gfx.o(.ARM.exidx), (8 bytes).
    Removing adafruit_gfx.o(.ARM.exidx), (8 bytes).
    Removing adafruit_gfx.o(.ARM.exidx), (8 bytes).
    Removing adafruit_gfx.o(.ARM.exidx), (8 bytes).
    Removing adafruit_gfx.o(.ARM.exidx), (8 bytes).
    Removing adafruit_gfx.o(.constdata), (1280 bytes).
    Removing adafruit_mcpsram.o(i._ZN16Adafruit_MCPSRAM6read16Et), (36 bytes).
    Removing adafruit_mcpsram.o(i._ZN16Adafruit_MCPSRAM7write16Ett), (38 bytes).
    Removing adafruit_mcpsram.o(i._ZN16Adafruit_MCPSRAMC1Eaaaa), (18 bytes).
    Removing adafruit_mcpsram.o(.ARM.exidx), (8 bytes).
    Removing adafruit_mcpsram.o(.ARM.exidx), (8 bytes).
    Removing adafruit_mcpsram.o(.ARM.exidx), (8 bytes).
    Removing adafruit_mcpsram.o(.ARM.exidx), (8 bytes).
    Removing adafruit_mcpsram.o(.ARM.exidx), (8 bytes).
    Removing adafruit_mcpsram.o(.ARM.exidx), (8 bytes).
    Removing adafruit_mcpsram.o(.ARM.exidx), (8 bytes).
    Removing adafruit_mcpsram.o(.ARM.exidx), (8 bytes).
    Removing adafruit_mcpsram.o(.ARM.exidx), (8 bytes).
    Removing adafruit_mcpsram.o(.ARM.exidx), (8 bytes).
    Removing adafruit_mcpsram.o(.ARM.exidx), (8 bytes).
    Removing adafruit_mcpsram.o(.ARM.exidx), (8 bytes).
    Removing adafruit_spitft.o(i._ZN15Adafruit_SPITFT10startWriteEv), (26 bytes).
    Removing adafruit_spitft.o(i._ZN15Adafruit_SPITFT10writeColorEtj), (162 bytes).
    Removing adafruit_spitft.o(i._ZN15Adafruit_SPITFT10writePixelEsst), (64 bytes).
    Removing adafruit_spitft.o(i._ZN15Adafruit_SPITFT11SPI_WRITE16Et), (100 bytes).
    Removing adafruit_spitft.o(i._ZN15Adafruit_SPITFT11SPI_WRITE32Ej), (114 bytes).
    Removing adafruit_spitft.o(i._ZN15Adafruit_SPITFT11sendCommandEhPKhh), (120 bytes).
    Removing adafruit_spitft.o(i._ZN15Adafruit_SPITFT11sendCommandEhPhh), (120 bytes).
    Removing adafruit_spitft.o(i._ZN15Adafruit_SPITFT11setSPISpeedEj), (4 bytes).
    Removing adafruit_spitft.o(i._ZN15Adafruit_SPITFT11writePixelsEPtjbb), (44 bytes).
    Removing adafruit_spitft.o(i._ZN15Adafruit_SPITFT12readcommand8Ehh), (72 bytes).
    Removing adafruit_spitft.o(i._ZN15Adafruit_SPITFT12writeCommandEh), (28 bytes).
    Removing adafruit_spitft.o(i._ZN15Adafruit_SPITFT13drawFastHLineEssst), (132 bytes).
    Removing adafruit_spitft.o(i._ZN15Adafruit_SPITFT13drawFastVLineEssst), (130 bytes).
    Removing adafruit_spitft.o(i._ZN15Adafruit_SPITFT13drawRGBBitmapEssPtss), (230 bytes).
    Removing adafruit_spitft.o(i._ZN15Adafruit_SPITFT13invertDisplayEb), (44 bytes).
    Removing adafruit_spitft.o(i._ZN15Adafruit_SPITFT13readcommand16Et), (6 bytes).
    Removing adafruit_spitft.o(i._ZN15Adafruit_SPITFT13sendCommand16EtPKhh), (124 bytes).
    Removing adafruit_spitft.o(i._ZN15Adafruit_SPITFT13writeFillRectEsssst), (188 bytes).
    Removing adafruit_spitft.o(i._ZN15Adafruit_SPITFT14writeCommand16Et), (28 bytes).
    Removing adafruit_spitft.o(i._ZN15Adafruit_SPITFT6read16Ev), (24 bytes).
    Removing adafruit_spitft.o(i._ZN15Adafruit_SPITFT7dmaWaitEv), (2 bytes).
    Removing adafruit_spitft.o(i._ZN15Adafruit_SPITFT7initSPIEjh), (252 bytes).
    Removing adafruit_spitft.o(i._ZN15Adafruit_SPITFT7spiReadEv), (118 bytes).
    Removing adafruit_spitft.o(i._ZN15Adafruit_SPITFT7write16Et), (22 bytes).
    Removing adafruit_spitft.o(i._ZN15Adafruit_SPITFT8color565Ehhh), (24 bytes).
    Removing adafruit_spitft.o(i._ZN15Adafruit_SPITFT8endWriteEv), (24 bytes).
    Removing adafruit_spitft.o(i._ZN15Adafruit_SPITFT8fillRectEsssst), (204 bytes).
    Removing adafruit_spitft.o(i._ZN15Adafruit_SPITFT8spiWriteEh), (88 bytes).
    Removing adafruit_spitft.o(i._ZN15Adafruit_SPITFT9drawPixelEsst), (80 bytes).
    Removing adafruit_spitft.o(i._ZN15Adafruit_SPITFT9pushColorEt), (32 bytes).
    Removing adafruit_spitft.o(i._ZN15Adafruit_SPITFTC2Ett11tftBusWidthaaaaaa), (96 bytes).
    Removing adafruit_spitft.o(i._ZN15Adafruit_SPITFTC2EttP8SPIClassaaa), (68 bytes).
    Removing adafruit_spitft.o(i._ZN15Adafruit_SPITFTC2Ettaaa), (28 bytes).
    Removing adafruit_spitft.o(i._ZN15Adafruit_SPITFTC2Ettaaaaaa), (80 bytes).
    Removing adafruit_spitft.o(.ARM.exidx), (8 bytes).
    Removing adafruit_spitft.o(.ARM.exidx), (8 bytes).
    Removing adafruit_spitft.o(.ARM.exidx), (8 bytes).
    Removing adafruit_spitft.o(.ARM.exidx), (8 bytes).
    Removing adafruit_spitft.o(.ARM.exidx), (8 bytes).
    Removing adafruit_spitft.o(.ARM.exidx), (8 bytes).
    Removing adafruit_spitft.o(.ARM.exidx), (8 bytes).
    Removing adafruit_spitft.o(.ARM.exidx), (8 bytes).
    Removing adafruit_spitft.o(.ARM.exidx), (8 bytes).
    Removing adafruit_spitft.o(.ARM.exidx), (8 bytes).
    Removing adafruit_spitft.o(.ARM.exidx), (8 bytes).
    Removing adafruit_spitft.o(.ARM.exidx), (8 bytes).
    Removing adafruit_spitft.o(.ARM.exidx), (8 bytes).
    Removing adafruit_spitft.o(.ARM.exidx), (8 bytes).
    Removing adafruit_spitft.o(.ARM.exidx), (8 bytes).
    Removing adafruit_spitft.o(.ARM.exidx), (8 bytes).
    Removing adafruit_spitft.o(.ARM.exidx), (8 bytes).
    Removing adafruit_spitft.o(.ARM.exidx), (8 bytes).
    Removing adafruit_spitft.o(.ARM.exidx), (8 bytes).
    Removing adafruit_spitft.o(.ARM.exidx), (8 bytes).
    Removing adafruit_spitft.o(.ARM.exidx), (8 bytes).
    Removing adafruit_spitft.o(.ARM.exidx), (8 bytes).
    Removing adafruit_spitft.o(.ARM.exidx), (8 bytes).
    Removing adafruit_spitft.o(.ARM.exidx), (8 bytes).
    Removing adafruit_spitft.o(.ARM.exidx), (8 bytes).
    Removing adafruit_spitft.o(.ARM.exidx), (8 bytes).
    Removing adafruit_spitft.o(.ARM.exidx), (8 bytes).
    Removing adafruit_spitft.o(.ARM.exidx), (8 bytes).
    Removing adafruit_spitft.o(.ARM.exidx), (8 bytes).
    Removing adafruit_spitft.o(.ARM.exidx), (8 bytes).
    Removing adafruit_spitft.o(.ARM.exidx), (8 bytes).
    Removing adafruit_spitft.o(.ARM.exidx), (8 bytes).
    Removing adafruit_spitft.o(.ARM.exidx), (8 bytes).
    Removing adafruit_spitft.o(.ARM.exidx), (8 bytes).
    Removing adafruit_il0373.o(i._ZN15Adafruit_IL037314displayPartialEtttt), (492 bytes).
    Removing adafruit_il0373.o(i._ZN15Adafruit_IL0373C1Eiiaaaaaaaa), (136 bytes).
    Removing adafruit_il0373.o(.ARM.exidx), (8 bytes).
    Removing adafruit_il0373.o(.ARM.exidx), (8 bytes).
    Removing adafruit_il0373.o(.ARM.exidx), (8 bytes).
    Removing adafruit_il0373.o(.ARM.exidx), (8 bytes).
    Removing adafruit_il0373.o(.ARM.exidx), (8 bytes).
    Removing adafruit_il0373.o(.ARM.exidx), (8 bytes).
    Removing adafruit_il0373.o(.ARM.exidx), (8 bytes).
    Removing adafruit_il0373.o(.ARM.exidx), (8 bytes).
    Removing adafruit_il0373.o(.ARM.exidx), (8 bytes).
    Removing adafruit_il0373.o(.ARM.exidx), (8 bytes).
    Removing adafruit_il0398.o(i._ZN15Adafruit_IL039813setRAMAddressEtt), (2 bytes).
    Removing adafruit_il0398.o(i._ZN15Adafruit_IL039815writeRAMCommandEh), (40 bytes).
    Removing adafruit_il0398.o(i._ZN15Adafruit_IL03985beginEb), (54 bytes).
    Removing adafruit_il0398.o(i._ZN15Adafruit_IL03986updateEv), (24 bytes).
    Removing adafruit_il0398.o(i._ZN15Adafruit_IL03987powerUpEv), (114 bytes).
    Removing adafruit_il0398.o(i._ZN15Adafruit_IL03989busy_waitEv), (38 bytes).
    Removing adafruit_il0398.o(i._ZN15Adafruit_IL03989powerDownEv), (60 bytes).
    Removing adafruit_il0398.o(i._ZN15Adafruit_IL0398C1Eiiaaaaa), (136 bytes).
    Removing adafruit_il0398.o(i._ZN15Adafruit_IL0398C1Eiiaaaaaaaa), (136 bytes).
    Removing adafruit_il0398.o(.ARM.exidx), (8 bytes).
    Removing adafruit_il0398.o(.ARM.exidx), (8 bytes).
    Removing adafruit_il0398.o(.ARM.exidx), (8 bytes).
    Removing adafruit_il0398.o(.ARM.exidx), (8 bytes).
    Removing adafruit_il0398.o(.ARM.exidx), (8 bytes).
    Removing adafruit_il0398.o(.ARM.exidx), (8 bytes).
    Removing adafruit_il0398.o(.ARM.exidx), (8 bytes).
    Removing adafruit_il0398.o(.ARM.exidx), (8 bytes).
    Removing adafruit_il0398.o(.ARM.exidx), (8 bytes).
    Removing adafruit_il91874.o(i._ZN16Adafruit_IL9187413setRAMAddressEtt), (2 bytes).
    Removing adafruit_il91874.o(i._ZN16Adafruit_IL9187415writeRAMCommandEh), (40 bytes).
    Removing adafruit_il91874.o(i._ZN16Adafruit_IL918745beginEb), (50 bytes).
    Removing adafruit_il91874.o(i._ZN16Adafruit_IL918746updateEv), (24 bytes).
    Removing adafruit_il91874.o(i._ZN16Adafruit_IL918747powerUpEv), (428 bytes).
    Removing adafruit_il91874.o(i._ZN16Adafruit_IL918749busy_waitEv), (28 bytes).
    Removing adafruit_il91874.o(i._ZN16Adafruit_IL918749powerDownEv), (48 bytes).
    Removing adafruit_il91874.o(i._ZN16Adafruit_IL91874C1EiiaaaaaP8SPIClass), (132 bytes).
    Removing adafruit_il91874.o(i._ZN16Adafruit_IL91874C1Eiiaaaaaaaa), (136 bytes).
    Removing adafruit_il91874.o(.ARM.exidx), (8 bytes).
    Removing adafruit_il91874.o(.ARM.exidx), (8 bytes).
    Removing adafruit_il91874.o(.ARM.exidx), (8 bytes).
    Removing adafruit_il91874.o(.ARM.exidx), (8 bytes).
    Removing adafruit_il91874.o(.ARM.exidx), (8 bytes).
    Removing adafruit_il91874.o(.ARM.exidx), (8 bytes).
    Removing adafruit_il91874.o(.ARM.exidx), (8 bytes).
    Removing adafruit_il91874.o(.ARM.exidx), (8 bytes).
    Removing adafruit_il91874.o(.ARM.exidx), (8 bytes).
    Removing adafruit_il91874.o(.constdata), (212 bytes).
    Removing adafruit_ssd1608.o(i._ZN16Adafruit_SSD160813setRAMAddressEtt), (52 bytes).
    Removing adafruit_ssd1608.o(i._ZN16Adafruit_SSD160815writeRAMCommandEh), (18 bytes).
    Removing adafruit_ssd1608.o(i._ZN16Adafruit_SSD16085beginEb), (44 bytes).
    Removing adafruit_ssd1608.o(i._ZN16Adafruit_SSD16086updateEv), (40 bytes).
    Removing adafruit_ssd1608.o(i._ZN16Adafruit_SSD16087powerUpEv), (252 bytes).
    Removing adafruit_ssd1608.o(i._ZN16Adafruit_SSD16089busy_waitEv), (28 bytes).
    Removing adafruit_ssd1608.o(i._ZN16Adafruit_SSD16089powerDownEv), (24 bytes).
    Removing adafruit_ssd1608.o(i._ZN16Adafruit_SSD1608C1EiiaaaaaP8SPIClass), (160 bytes).
    Removing adafruit_ssd1608.o(i._ZN16Adafruit_SSD1608C1Eiiaaaaaaaa), (164 bytes).
    Removing adafruit_ssd1608.o(.ARM.exidx), (8 bytes).
    Removing adafruit_ssd1608.o(.ARM.exidx), (8 bytes).
    Removing adafruit_ssd1608.o(.ARM.exidx), (8 bytes).
    Removing adafruit_ssd1608.o(.ARM.exidx), (8 bytes).
    Removing adafruit_ssd1608.o(.ARM.exidx), (8 bytes).
    Removing adafruit_ssd1608.o(.ARM.exidx), (8 bytes).
    Removing adafruit_ssd1608.o(.ARM.exidx), (8 bytes).
    Removing adafruit_ssd1608.o(.ARM.exidx), (8 bytes).
    Removing adafruit_ssd1608.o(.ARM.exidx), (8 bytes).
    Removing adafruit_ssd1608.o(.constdata), (30 bytes).
    Removing adafruit_ssd1619.o(i._ZN16Adafruit_SSD161912setRAMWindowEtttt), (98 bytes).
    Removing adafruit_ssd1619.o(i._ZN16Adafruit_SSD161913setRAMAddressEtt), (50 bytes).
    Removing adafruit_ssd1619.o(i._ZN16Adafruit_SSD161915writeRAMCommandEh), (40 bytes).
    Removing adafruit_ssd1619.o(i._ZN16Adafruit_SSD16195beginEb), (44 bytes).
    Removing adafruit_ssd1619.o(i._ZN16Adafruit_SSD16196updateEv), (40 bytes).
    Removing adafruit_ssd1619.o(i._ZN16Adafruit_SSD16197powerUpEv), (104 bytes).
    Removing adafruit_ssd1619.o(i._ZN16Adafruit_SSD16199busy_waitEv), (28 bytes).
    Removing adafruit_ssd1619.o(i._ZN16Adafruit_SSD16199powerDownEv), (50 bytes).
    Removing adafruit_ssd1619.o(i._ZN16Adafruit_SSD1619C1EiiaaaaaP8SPIClass), (176 bytes).
    Removing adafruit_ssd1619.o(i._ZN16Adafruit_SSD1619C1Eiiaaaaaaaa), (180 bytes).
    Removing adafruit_ssd1619.o(.ARM.exidx), (8 bytes).
    Removing adafruit_ssd1619.o(.ARM.exidx), (8 bytes).
    Removing adafruit_ssd1619.o(.ARM.exidx), (8 bytes).
    Removing adafruit_ssd1619.o(.ARM.exidx), (8 bytes).
    Removing adafruit_ssd1619.o(.ARM.exidx), (8 bytes).
    Removing adafruit_ssd1619.o(.ARM.exidx), (8 bytes).
    Removing adafruit_ssd1619.o(.ARM.exidx), (8 bytes).
    Removing adafruit_ssd1619.o(.ARM.exidx), (8 bytes).
    Removing adafruit_ssd1619.o(.ARM.exidx), (8 bytes).
    Removing adafruit_ssd1619.o(.ARM.exidx), (8 bytes).
    Removing adafruit_ssd1619.o(.constdata), (27 bytes).
    Removing adafruit_ssd1675.o(i._ZN16Adafruit_SSD167513setRAMAddressEtt), (52 bytes).
    Removing adafruit_ssd1675.o(i._ZN16Adafruit_SSD167515writeRAMCommandEh), (40 bytes).
    Removing adafruit_ssd1675.o(i._ZN16Adafruit_SSD16755beginEb), (44 bytes).
    Removing adafruit_ssd1675.o(i._ZN16Adafruit_SSD16756updateEv), (40 bytes).
    Removing adafruit_ssd1675.o(i._ZN16Adafruit_SSD16757powerUpEv), (392 bytes).
    Removing adafruit_ssd1675.o(i._ZN16Adafruit_SSD16759busy_waitEv), (28 bytes).
    Removing adafruit_ssd1675.o(i._ZN16Adafruit_SSD16759powerDownEv), (50 bytes).
    Removing adafruit_ssd1675.o(i._ZN16Adafruit_SSD1675C1EiiaaaaaP8SPIClass), (168 bytes).
    Removing adafruit_ssd1675.o(i._ZN16Adafruit_SSD1675C1Eiiaaaaaaaa), (172 bytes).
    Removing adafruit_ssd1675.o(.ARM.exidx), (8 bytes).
    Removing adafruit_ssd1675.o(.ARM.exidx), (8 bytes).
    Removing adafruit_ssd1675.o(.ARM.exidx), (8 bytes).
    Removing adafruit_ssd1675.o(.ARM.exidx), (8 bytes).
    Removing adafruit_ssd1675.o(.ARM.exidx), (8 bytes).
    Removing adafruit_ssd1675.o(.ARM.exidx), (8 bytes).
    Removing adafruit_ssd1675.o(.ARM.exidx), (8 bytes).
    Removing adafruit_ssd1675.o(.ARM.exidx), (8 bytes).
    Removing adafruit_ssd1675.o(.ARM.exidx), (8 bytes).
    Removing adafruit_ssd1675.o(.constdata), (76 bytes).
    Removing adafruit_ssd1675b.o(i._ZN17Adafruit_SSD1675B13setRAMAddressEtt), (60 bytes).
    Removing adafruit_ssd1675b.o(i._ZN17Adafruit_SSD1675B15writeRAMCommandEh), (40 bytes).
    Removing adafruit_ssd1675b.o(i._ZN17Adafruit_SSD1675B5beginEb), (44 bytes).
    Removing adafruit_ssd1675b.o(i._ZN17Adafruit_SSD1675B6updateEv), (40 bytes).
    Removing adafruit_ssd1675b.o(i._ZN17Adafruit_SSD1675B7powerUpEv), (428 bytes).
    Removing adafruit_ssd1675b.o(i._ZN17Adafruit_SSD1675B9busy_waitEv), (28 bytes).
    Removing adafruit_ssd1675b.o(i._ZN17Adafruit_SSD1675B9powerDownEv), (50 bytes).
    Removing adafruit_ssd1675b.o(i._ZN17Adafruit_SSD1675BC1EiiaaaaaP8SPIClass), (168 bytes).
    Removing adafruit_ssd1675b.o(i._ZN17Adafruit_SSD1675BC1Eiiaaaaaaaa), (172 bytes).
    Removing adafruit_ssd1675b.o(.ARM.exidx), (8 bytes).
    Removing adafruit_ssd1675b.o(.ARM.exidx), (8 bytes).
    Removing adafruit_ssd1675b.o(.ARM.exidx), (8 bytes).
    Removing adafruit_ssd1675b.o(.ARM.exidx), (8 bytes).
    Removing adafruit_ssd1675b.o(.ARM.exidx), (8 bytes).
    Removing adafruit_ssd1675b.o(.ARM.exidx), (8 bytes).
    Removing adafruit_ssd1675b.o(.ARM.exidx), (8 bytes).
    Removing adafruit_ssd1675b.o(.ARM.exidx), (8 bytes).
    Removing adafruit_ssd1675b.o(.ARM.exidx), (8 bytes).
    Removing adafruit_ssd1675b.o(.constdata), (107 bytes).
    Removing adafruit_ssd1680.o(i._ZN16Adafruit_SSD168013setRAMAddressEtt), (50 bytes).
    Removing adafruit_ssd1680.o(i._ZN16Adafruit_SSD168015writeRAMCommandEh), (40 bytes).
    Removing adafruit_ssd1680.o(i._ZN16Adafruit_SSD16805beginEb), (44 bytes).
    Removing adafruit_ssd1680.o(i._ZN16Adafruit_SSD16806updateEv), (40 bytes).
    Removing adafruit_ssd1680.o(i._ZN16Adafruit_SSD16807powerUpEv), (192 bytes).
    Removing adafruit_ssd1680.o(i._ZN16Adafruit_SSD16809busy_waitEv), (28 bytes).
    Removing adafruit_ssd1680.o(i._ZN16Adafruit_SSD16809powerDownEv), (50 bytes).
    Removing adafruit_ssd1680.o(i._ZN16Adafruit_SSD1680C1EiiaaaaaP8SPIClass), (176 bytes).
    Removing adafruit_ssd1680.o(i._ZN16Adafruit_SSD1680C1Eiiaaaaaaaa), (180 bytes).
    Removing adafruit_ssd1680.o(.ARM.exidx), (8 bytes).
    Removing adafruit_ssd1680.o(.ARM.exidx), (8 bytes).
    Removing adafruit_ssd1680.o(.ARM.exidx), (8 bytes).
    Removing adafruit_ssd1680.o(.ARM.exidx), (8 bytes).
    Removing adafruit_ssd1680.o(.ARM.exidx), (8 bytes).
    Removing adafruit_ssd1680.o(.ARM.exidx), (8 bytes).
    Removing adafruit_ssd1680.o(.ARM.exidx), (8 bytes).
    Removing adafruit_ssd1680.o(.ARM.exidx), (8 bytes).
    Removing adafruit_ssd1680.o(.ARM.exidx), (8 bytes).
    Removing adafruit_ssd1680.o(.constdata), (29 bytes).
    Removing adafruit_ssd1681.o(i._ZN16Adafruit_SSD168112setRAMWindowEtttt), (78 bytes).
    Removing adafruit_ssd1681.o(i._ZN16Adafruit_SSD168113setRAMAddressEtt), (52 bytes).
    Removing adafruit_ssd1681.o(i._ZN16Adafruit_SSD168113updatePartialEv), (40 bytes).
    Removing adafruit_ssd1681.o(i._ZN16Adafruit_SSD168114displayPartialEtttt), (348 bytes).
    Removing adafruit_ssd1681.o(i._ZN16Adafruit_SSD168115writeRAMCommandEh), (40 bytes).
    Removing adafruit_ssd1681.o(i._ZN16Adafruit_SSD16815beginEb), (44 bytes).
    Removing adafruit_ssd1681.o(i._ZN16Adafruit_SSD16816updateEv), (40 bytes).
    Removing adafruit_ssd1681.o(i._ZN16Adafruit_SSD16817powerUpEv), (112 bytes).
    Removing adafruit_ssd1681.o(i._ZN16Adafruit_SSD16819busy_waitEv), (28 bytes).
    Removing adafruit_ssd1681.o(i._ZN16Adafruit_SSD16819powerDownEv), (50 bytes).
    Removing adafruit_ssd1681.o(i._ZN16Adafruit_SSD1681C1EiiaaaaaP8SPIClass), (176 bytes).
    Removing adafruit_ssd1681.o(i._ZN16Adafruit_SSD1681C1Eiiaaaaaaaa), (180 bytes).
    Removing adafruit_ssd1681.o(.ARM.exidx), (8 bytes).
    Removing adafruit_ssd1681.o(.ARM.exidx), (8 bytes).
    Removing adafruit_ssd1681.o(.ARM.exidx), (8 bytes).
    Removing adafruit_ssd1681.o(.ARM.exidx), (8 bytes).
    Removing adafruit_ssd1681.o(.ARM.exidx), (8 bytes).
    Removing adafruit_ssd1681.o(.ARM.exidx), (8 bytes).
    Removing adafruit_ssd1681.o(.ARM.exidx), (8 bytes).
    Removing adafruit_ssd1681.o(.ARM.exidx), (8 bytes).
    Removing adafruit_ssd1681.o(.ARM.exidx), (8 bytes).
    Removing adafruit_ssd1681.o(.ARM.exidx), (8 bytes).
    Removing adafruit_ssd1681.o(.ARM.exidx), (8 bytes).
    Removing adafruit_ssd1681.o(.ARM.exidx), (8 bytes).
    Removing adafruit_ssd1681.o(.constdata), (21 bytes).
    Removing spi.o(.ARM.exidx), (8 bytes).
    Removing system_nrf52840.o(.rev16_text), (4 bytes).
    Removing system_nrf52840.o(.revsh_text), (4 bytes).
    Removing system_nrf52840.o(.rrx_text), (6 bytes).
    Removing system_nrf52840.o(i.nrf51_errata_1), (4 bytes).
    Removing system_nrf52840.o(i.nrf51_errata_10), (4 bytes).
    Removing system_nrf52840.o(i.nrf51_errata_11), (4 bytes).
    Removing system_nrf52840.o(i.nrf51_errata_12), (4 bytes).
    Removing system_nrf52840.o(i.nrf51_errata_13), (4 bytes).
    Removing system_nrf52840.o(i.nrf51_errata_14), (4 bytes).
    Removing system_nrf52840.o(i.nrf51_errata_15), (4 bytes).
    Removing system_nrf52840.o(i.nrf51_errata_16), (4 bytes).
    Removing system_nrf52840.o(i.nrf51_errata_17), (4 bytes).
    Removing system_nrf52840.o(i.nrf51_errata_18), (4 bytes).
    Removing system_nrf52840.o(i.nrf51_errata_19), (4 bytes).
    Removing system_nrf52840.o(i.nrf51_errata_2), (4 bytes).
    Removing system_nrf52840.o(i.nrf51_errata_20), (4 bytes).
    Removing system_nrf52840.o(i.nrf51_errata_21), (4 bytes).
    Removing system_nrf52840.o(i.nrf51_errata_22), (4 bytes).
    Removing system_nrf52840.o(i.nrf51_errata_23), (4 bytes).
    Removing system_nrf52840.o(i.nrf51_errata_24), (4 bytes).
    Removing system_nrf52840.o(i.nrf51_errata_25), (4 bytes).
    Removing system_nrf52840.o(i.nrf51_errata_26), (4 bytes).
    Removing system_nrf52840.o(i.nrf51_errata_27), (4 bytes).
    Removing system_nrf52840.o(i.nrf51_errata_28), (4 bytes).
    Removing system_nrf52840.o(i.nrf51_errata_29), (4 bytes).
    Removing system_nrf52840.o(i.nrf51_errata_3), (4 bytes).
    Removing system_nrf52840.o(i.nrf51_errata_30), (4 bytes).
    Removing system_nrf52840.o(i.nrf51_errata_31), (4 bytes).
    Removing system_nrf52840.o(i.nrf51_errata_32), (4 bytes).
    Removing system_nrf52840.o(i.nrf51_errata_33), (4 bytes).
    Removing system_nrf52840.o(i.nrf51_errata_34), (4 bytes).
    Removing system_nrf52840.o(i.nrf51_errata_35), (4 bytes).
    Removing system_nrf52840.o(i.nrf51_errata_36), (4 bytes).
    Removing system_nrf52840.o(i.nrf51_errata_37), (4 bytes).
    Removing system_nrf52840.o(i.nrf51_errata_38), (4 bytes).
    Removing system_nrf52840.o(i.nrf51_errata_39), (4 bytes).
    Removing system_nrf52840.o(i.nrf51_errata_4), (4 bytes).
    Removing system_nrf52840.o(i.nrf51_errata_40), (4 bytes).
    Removing system_nrf52840.o(i.nrf51_errata_41), (4 bytes).
    Removing system_nrf52840.o(i.nrf51_errata_42), (4 bytes).
    Removing system_nrf52840.o(i.nrf51_errata_43), (4 bytes).
    Removing system_nrf52840.o(i.nrf51_errata_44), (4 bytes).
    Removing system_nrf52840.o(i.nrf51_errata_45), (4 bytes).
    Removing system_nrf52840.o(i.nrf51_errata_46), (4 bytes).
    Removing system_nrf52840.o(i.nrf51_errata_47), (4 bytes).
    Removing system_nrf52840.o(i.nrf51_errata_48), (4 bytes).
    Removing system_nrf52840.o(i.nrf51_errata_49), (4 bytes).
    Removing system_nrf52840.o(i.nrf51_errata_5), (4 bytes).
    Removing system_nrf52840.o(i.nrf51_errata_50), (4 bytes).
    Removing system_nrf52840.o(i.nrf51_errata_51), (4 bytes).
    Removing system_nrf52840.o(i.nrf51_errata_52), (4 bytes).
    Removing system_nrf52840.o(i.nrf51_errata_53), (4 bytes).
    Removing system_nrf52840.o(i.nrf51_errata_54), (4 bytes).
    Removing system_nrf52840.o(i.nrf51_errata_55), (4 bytes).
    Removing system_nrf52840.o(i.nrf51_errata_56), (4 bytes).
    Removing system_nrf52840.o(i.nrf51_errata_57), (4 bytes).
    Removing system_nrf52840.o(i.nrf51_errata_58), (4 bytes).
    Removing system_nrf52840.o(i.nrf51_errata_59), (4 bytes).
    Removing system_nrf52840.o(i.nrf51_errata_6), (4 bytes).
    Removing system_nrf52840.o(i.nrf51_errata_60), (4 bytes).
    Removing system_nrf52840.o(i.nrf51_errata_61), (4 bytes).
    Removing system_nrf52840.o(i.nrf51_errata_62), (4 bytes).
    Removing system_nrf52840.o(i.nrf51_errata_63), (4 bytes).
    Removing system_nrf52840.o(i.nrf51_errata_64), (4 bytes).
    Removing system_nrf52840.o(i.nrf51_errata_65), (4 bytes).
    Removing system_nrf52840.o(i.nrf51_errata_66), (4 bytes).
    Removing system_nrf52840.o(i.nrf51_errata_67), (4 bytes).
    Removing system_nrf52840.o(i.nrf51_errata_68), (4 bytes).
    Removing system_nrf52840.o(i.nrf51_errata_69), (4 bytes).
    Removing system_nrf52840.o(i.nrf51_errata_7), (4 bytes).
    Removing system_nrf52840.o(i.nrf51_errata_70), (4 bytes).
    Removing system_nrf52840.o(i.nrf51_errata_71), (4 bytes).
    Removing system_nrf52840.o(i.nrf51_errata_72), (4 bytes).
    Removing system_nrf52840.o(i.nrf51_errata_73), (4 bytes).
    Removing system_nrf52840.o(i.nrf51_errata_74), (4 bytes).
    Removing system_nrf52840.o(i.nrf51_errata_75), (4 bytes).
    Removing system_nrf52840.o(i.nrf51_errata_76), (4 bytes).
    Removing system_nrf52840.o(i.nrf51_errata_77), (4 bytes).
    Removing system_nrf52840.o(i.nrf51_errata_78), (4 bytes).
    Removing system_nrf52840.o(i.nrf51_errata_8), (4 bytes).
    Removing system_nrf52840.o(i.nrf51_errata_9), (4 bytes).
    Removing system_nrf52840.o(i.nrf52_errata_1), (4 bytes).
    Removing system_nrf52840.o(i.nrf52_errata_10), (4 bytes).
    Removing system_nrf52840.o(i.nrf52_errata_101), (4 bytes).
    Removing system_nrf52840.o(i.nrf52_errata_102), (4 bytes).
    Removing system_nrf52840.o(i.nrf52_errata_104), (60 bytes).
    Removing system_nrf52840.o(i.nrf52_errata_106), (4 bytes).
    Removing system_nrf52840.o(i.nrf52_errata_107), (4 bytes).
    Removing system_nrf52840.o(i.nrf52_errata_108), (4 bytes).
    Removing system_nrf52840.o(i.nrf52_errata_109), (4 bytes).
    Removing system_nrf52840.o(i.nrf52_errata_11), (4 bytes).
    Removing system_nrf52840.o(i.nrf52_errata_110), (60 bytes).
    Removing system_nrf52840.o(i.nrf52_errata_111), (60 bytes).
    Removing system_nrf52840.o(i.nrf52_errata_112), (60 bytes).
    Removing system_nrf52840.o(i.nrf52_errata_113), (60 bytes).
    Removing system_nrf52840.o(i.nrf52_errata_116), (60 bytes).
    Removing system_nrf52840.o(i.nrf52_errata_117), (60 bytes).
    Removing system_nrf52840.o(i.nrf52_errata_118), (60 bytes).
    Removing system_nrf52840.o(i.nrf52_errata_119), (60 bytes).
    Removing system_nrf52840.o(i.nrf52_errata_12), (4 bytes).
    Removing system_nrf52840.o(i.nrf52_errata_121), (60 bytes).
    Removing system_nrf52840.o(i.nrf52_errata_122), (60 bytes).
    Removing system_nrf52840.o(i.nrf52_errata_127), (60 bytes).
    Removing system_nrf52840.o(i.nrf52_errata_128), (60 bytes).
    Removing system_nrf52840.o(i.nrf52_errata_131), (60 bytes).
    Removing system_nrf52840.o(i.nrf52_errata_132), (4 bytes).
    Removing system_nrf52840.o(i.nrf52_errata_133), (60 bytes).
    Removing system_nrf52840.o(i.nrf52_errata_134), (60 bytes).
    Removing system_nrf52840.o(i.nrf52_errata_135), (60 bytes).
    Removing system_nrf52840.o(i.nrf52_errata_138), (4 bytes).
    Removing system_nrf52840.o(i.nrf52_errata_140), (60 bytes).
    Removing system_nrf52840.o(i.nrf52_errata_141), (4 bytes).
    Removing system_nrf52840.o(i.nrf52_errata_142), (60 bytes).
    Removing system_nrf52840.o(i.nrf52_errata_143), (60 bytes).
    Removing system_nrf52840.o(i.nrf52_errata_144), (60 bytes).
    Removing system_nrf52840.o(i.nrf52_errata_145), (60 bytes).
    Removing system_nrf52840.o(i.nrf52_errata_146), (4 bytes).
    Removing system_nrf52840.o(i.nrf52_errata_147), (60 bytes).
    Removing system_nrf52840.o(i.nrf52_errata_149), (4 bytes).
    Removing system_nrf52840.o(i.nrf52_errata_15), (60 bytes).
    Removing system_nrf52840.o(i.nrf52_errata_150), (60 bytes).
    Removing system_nrf52840.o(i.nrf52_errata_151), (60 bytes).
    Removing system_nrf52840.o(i.nrf52_errata_153), (60 bytes).
    Removing system_nrf52840.o(i.nrf52_errata_154), (60 bytes).
    Removing system_nrf52840.o(i.nrf52_errata_155), (60 bytes).
    Removing system_nrf52840.o(i.nrf52_errata_156), (60 bytes).
    Removing system_nrf52840.o(i.nrf52_errata_158), (60 bytes).
    Removing system_nrf52840.o(i.nrf52_errata_16), (4 bytes).
    Removing system_nrf52840.o(i.nrf52_errata_160), (60 bytes).
    Removing system_nrf52840.o(i.nrf52_errata_162), (60 bytes).
    Removing system_nrf52840.o(i.nrf52_errata_163), (4 bytes).
    Removing system_nrf52840.o(i.nrf52_errata_164), (60 bytes).
    Removing system_nrf52840.o(i.nrf52_errata_166), (60 bytes).
    Removing system_nrf52840.o(i.nrf52_errata_17), (4 bytes).
    Removing system_nrf52840.o(i.nrf52_errata_170), (60 bytes).
    Removing system_nrf52840.o(i.nrf52_errata_171), (60 bytes).
    Removing system_nrf52840.o(i.nrf52_errata_172), (60 bytes).
    Removing system_nrf52840.o(i.nrf52_errata_173), (60 bytes).
    Removing system_nrf52840.o(i.nrf52_errata_174), (60 bytes).
    Removing system_nrf52840.o(i.nrf52_errata_176), (60 bytes).
    Removing system_nrf52840.o(i.nrf52_errata_178), (4 bytes).
    Removing system_nrf52840.o(i.nrf52_errata_179), (60 bytes).
    Removing system_nrf52840.o(i.nrf52_errata_180), (60 bytes).
    Removing system_nrf52840.o(i.nrf52_errata_181), (60 bytes).
    Removing system_nrf52840.o(i.nrf52_errata_182), (4 bytes).
    Removing system_nrf52840.o(i.nrf52_errata_183), (60 bytes).
    Removing system_nrf52840.o(i.nrf52_errata_184), (60 bytes).
    Removing system_nrf52840.o(i.nrf52_errata_186), (60 bytes).
    Removing system_nrf52840.o(i.nrf52_errata_187), (60 bytes).
    Removing system_nrf52840.o(i.nrf52_errata_189), (60 bytes).
    Removing system_nrf52840.o(i.nrf52_errata_190), (60 bytes).
    Removing system_nrf52840.o(i.nrf52_errata_191), (60 bytes).
    Removing system_nrf52840.o(i.nrf52_errata_192), (60 bytes).
    Removing system_nrf52840.o(i.nrf52_errata_193), (60 bytes).
    Removing system_nrf52840.o(i.nrf52_errata_194), (60 bytes).
    Removing system_nrf52840.o(i.nrf52_errata_195), (60 bytes).
    Removing system_nrf52840.o(i.nrf52_errata_196), (60 bytes).
    Removing system_nrf52840.o(i.nrf52_errata_197), (60 bytes).
    Removing system_nrf52840.o(i.nrf52_errata_198), (60 bytes).
    Removing system_nrf52840.o(i.nrf52_errata_199), (60 bytes).
    Removing system_nrf52840.o(i.nrf52_errata_2), (4 bytes).
    Removing system_nrf52840.o(i.nrf52_errata_20), (60 bytes).
    Removing system_nrf52840.o(i.nrf52_errata_200), (60 bytes).
    Removing system_nrf52840.o(i.nrf52_errata_201), (60 bytes).
    Removing system_nrf52840.o(i.nrf52_errata_202), (60 bytes).
    Removing system_nrf52840.o(i.nrf52_errata_204), (60 bytes).
    Removing system_nrf52840.o(i.nrf52_errata_208), (60 bytes).
    Removing system_nrf52840.o(i.nrf52_errata_209), (60 bytes).
    Removing system_nrf52840.o(i.nrf52_errata_210), (60 bytes).
    Removing system_nrf52840.o(i.nrf52_errata_211), (60 bytes).
    Removing system_nrf52840.o(i.nrf52_errata_212), (60 bytes).
    Removing system_nrf52840.o(i.nrf52_errata_213), (60 bytes).
    Removing system_nrf52840.o(i.nrf52_errata_214), (60 bytes).
    Removing system_nrf52840.o(i.nrf52_errata_215), (60 bytes).
    Removing system_nrf52840.o(i.nrf52_errata_216), (60 bytes).
    Removing system_nrf52840.o(i.nrf52_errata_217), (4 bytes).
    Removing system_nrf52840.o(i.nrf52_errata_218), (60 bytes).
    Removing system_nrf52840.o(i.nrf52_errata_219), (60 bytes).
    Removing system_nrf52840.o(i.nrf52_errata_220), (4 bytes).
    Removing system_nrf52840.o(i.nrf52_errata_223), (4 bytes).
    Removing system_nrf52840.o(i.nrf52_errata_225), (4 bytes).
    Removing system_nrf52840.o(i.nrf52_errata_228), (60 bytes).
    Removing system_nrf52840.o(i.nrf52_errata_23), (4 bytes).
    Removing system_nrf52840.o(i.nrf52_errata_230), (4 bytes).
    Removing system_nrf52840.o(i.nrf52_errata_231), (4 bytes).
    Removing system_nrf52840.o(i.nrf52_errata_232), (4 bytes).
    Removing system_nrf52840.o(i.nrf52_errata_233), (60 bytes).
    Removing system_nrf52840.o(i.nrf52_errata_236), (60 bytes).
    Removing system_nrf52840.o(i.nrf52_errata_237), (60 bytes).
    Removing system_nrf52840.o(i.nrf52_errata_24), (4 bytes).
    Removing system_nrf52840.o(i.nrf52_errata_248), (4 bytes).
    Removing system_nrf52840.o(i.nrf52_errata_25), (4 bytes).
    Removing system_nrf52840.o(i.nrf52_errata_26), (4 bytes).
    Removing system_nrf52840.o(i.nrf52_errata_27), (4 bytes).
    Removing system_nrf52840.o(i.nrf52_errata_28), (4 bytes).
    Removing system_nrf52840.o(i.nrf52_errata_29), (4 bytes).
    Removing system_nrf52840.o(i.nrf52_errata_3), (4 bytes).
    Removing system_nrf52840.o(i.nrf52_errata_30), (4 bytes).
    Removing system_nrf52840.o(i.nrf52_errata_31), (4 bytes).
    Removing system_nrf52840.o(i.nrf52_errata_32), (4 bytes).
    Removing system_nrf52840.o(i.nrf52_errata_33), (4 bytes).
    Removing system_nrf52840.o(i.nrf52_errata_34), (4 bytes).
    Removing system_nrf52840.o(i.nrf52_errata_35), (4 bytes).
    Removing system_nrf52840.o(i.nrf52_errata_37), (4 bytes).
    Removing system_nrf52840.o(i.nrf52_errata_38), (4 bytes).
    Removing system_nrf52840.o(i.nrf52_errata_39), (4 bytes).
    Removing system_nrf52840.o(i.nrf52_errata_4), (4 bytes).
    Removing system_nrf52840.o(i.nrf52_errata_40), (4 bytes).
    Removing system_nrf52840.o(i.nrf52_errata_41), (4 bytes).
    Removing system_nrf52840.o(i.nrf52_errata_42), (4 bytes).
    Removing system_nrf52840.o(i.nrf52_errata_43), (4 bytes).
    Removing system_nrf52840.o(i.nrf52_errata_44), (4 bytes).
    Removing system_nrf52840.o(i.nrf52_errata_46), (4 bytes).
    Removing system_nrf52840.o(i.nrf52_errata_47), (4 bytes).
    Removing system_nrf52840.o(i.nrf52_errata_48), (4 bytes).
    Removing system_nrf52840.o(i.nrf52_errata_49), (4 bytes).
    Removing system_nrf52840.o(i.nrf52_errata_51), (4 bytes).
    Removing system_nrf52840.o(i.nrf52_errata_54), (60 bytes).
    Removing system_nrf52840.o(i.nrf52_errata_55), (60 bytes).
    Removing system_nrf52840.o(i.nrf52_errata_57), (4 bytes).
    Removing system_nrf52840.o(i.nrf52_errata_58), (60 bytes).
    Removing system_nrf52840.o(i.nrf52_errata_62), (4 bytes).
    Removing system_nrf52840.o(i.nrf52_errata_63), (4 bytes).
    Removing system_nrf52840.o(i.nrf52_errata_64), (4 bytes).
    Removing system_nrf52840.o(i.nrf52_errata_65), (4 bytes).
    Removing system_nrf52840.o(i.nrf52_errata_67), (4 bytes).
    Removing system_nrf52840.o(i.nrf52_errata_68), (60 bytes).
    Removing system_nrf52840.o(i.nrf52_errata_7), (4 bytes).
    Removing system_nrf52840.o(i.nrf52_errata_70), (4 bytes).
    Removing system_nrf52840.o(i.nrf52_errata_71), (4 bytes).
    Removing system_nrf52840.o(i.nrf52_errata_72), (4 bytes).
    Removing system_nrf52840.o(i.nrf52_errata_73), (4 bytes).
    Removing system_nrf52840.o(i.nrf52_errata_74), (4 bytes).
    Removing system_nrf52840.o(i.nrf52_errata_75), (4 bytes).
    Removing system_nrf52840.o(i.nrf52_errata_76), (4 bytes).
    Removing system_nrf52840.o(i.nrf52_errata_77), (4 bytes).
    Removing system_nrf52840.o(i.nrf52_errata_78), (60 bytes).
    Removing system_nrf52840.o(i.nrf52_errata_79), (4 bytes).
    Removing system_nrf52840.o(i.nrf52_errata_8), (4 bytes).
    Removing system_nrf52840.o(i.nrf52_errata_81), (60 bytes).
    Removing system_nrf52840.o(i.nrf52_errata_83), (60 bytes).
    Removing system_nrf52840.o(i.nrf52_errata_84), (4 bytes).
    Removing system_nrf52840.o(i.nrf52_errata_86), (4 bytes).
    Removing system_nrf52840.o(i.nrf52_errata_87), (60 bytes).
    Removing system_nrf52840.o(i.nrf52_errata_88), (4 bytes).
    Removing system_nrf52840.o(i.nrf52_errata_89), (60 bytes).
    Removing system_nrf52840.o(i.nrf52_errata_9), (4 bytes).
    Removing system_nrf52840.o(i.nrf52_errata_91), (4 bytes).
    Removing system_nrf52840.o(i.nrf52_errata_94), (60 bytes).
    Removing system_nrf52840.o(i.nrf52_errata_96), (60 bytes).
    Removing system_nrf52840.o(i.nrf52_errata_97), (60 bytes).
    Removing system_nrf52840.o(i.nrf53_errata_1), (4 bytes).
    Removing system_nrf52840.o(i.nrf53_errata_10), (4 bytes).
    Removing system_nrf52840.o(i.nrf53_errata_103), (4 bytes).
    Removing system_nrf52840.o(i.nrf53_errata_105), (4 bytes).
    Removing system_nrf52840.o(i.nrf53_errata_106), (4 bytes).
    Removing system_nrf52840.o(i.nrf53_errata_109), (4 bytes).
    Removing system_nrf52840.o(i.nrf53_errata_11), (4 bytes).
    Removing system_nrf52840.o(i.nrf53_errata_110), (4 bytes).
    Removing system_nrf52840.o(i.nrf53_errata_113), (4 bytes).
    Removing system_nrf52840.o(i.nrf53_errata_114), (4 bytes).
    Removing system_nrf52840.o(i.nrf53_errata_115), (4 bytes).
    Removing system_nrf52840.o(i.nrf53_errata_116), (4 bytes).
    Removing system_nrf52840.o(i.nrf53_errata_119), (4 bytes).
    Removing system_nrf52840.o(i.nrf53_errata_12), (4 bytes).
    Removing system_nrf52840.o(i.nrf53_errata_13), (4 bytes).
    Removing system_nrf52840.o(i.nrf53_errata_14), (4 bytes).
    Removing system_nrf52840.o(i.nrf53_errata_15), (4 bytes).
    Removing system_nrf52840.o(i.nrf53_errata_16), (4 bytes).
    Removing system_nrf52840.o(i.nrf53_errata_18), (4 bytes).
    Removing system_nrf52840.o(i.nrf53_errata_19), (4 bytes).
    Removing system_nrf52840.o(i.nrf53_errata_2), (4 bytes).
    Removing system_nrf52840.o(i.nrf53_errata_20), (4 bytes).
    Removing system_nrf52840.o(i.nrf53_errata_21), (4 bytes).
    Removing system_nrf52840.o(i.nrf53_errata_22), (4 bytes).
    Removing system_nrf52840.o(i.nrf53_errata_23), (4 bytes).
    Removing system_nrf52840.o(i.nrf53_errata_26), (4 bytes).
    Removing system_nrf52840.o(i.nrf53_errata_27), (4 bytes).
    Removing system_nrf52840.o(i.nrf53_errata_28), (4 bytes).
    Removing system_nrf52840.o(i.nrf53_errata_29), (4 bytes).
    Removing system_nrf52840.o(i.nrf53_errata_3), (4 bytes).
    Removing system_nrf52840.o(i.nrf53_errata_30), (4 bytes).
    Removing system_nrf52840.o(i.nrf53_errata_31), (4 bytes).
    Removing system_nrf52840.o(i.nrf53_errata_32), (4 bytes).
    Removing system_nrf52840.o(i.nrf53_errata_33), (4 bytes).
    Removing system_nrf52840.o(i.nrf53_errata_34), (4 bytes).
    Removing system_nrf52840.o(i.nrf53_errata_36), (4 bytes).
    Removing system_nrf52840.o(i.nrf53_errata_37), (4 bytes).
    Removing system_nrf52840.o(i.nrf53_errata_4), (4 bytes).
    Removing system_nrf52840.o(i.nrf53_errata_42), (4 bytes).
    Removing system_nrf52840.o(i.nrf53_errata_43), (4 bytes).
    Removing system_nrf52840.o(i.nrf53_errata_44), (4 bytes).
    Removing system_nrf52840.o(i.nrf53_errata_45), (4 bytes).
    Removing system_nrf52840.o(i.nrf53_errata_46), (4 bytes).
    Removing system_nrf52840.o(i.nrf53_errata_47), (4 bytes).
    Removing system_nrf52840.o(i.nrf53_errata_49), (4 bytes).
    Removing system_nrf52840.o(i.nrf53_errata_5), (4 bytes).
    Removing system_nrf52840.o(i.nrf53_errata_50), (4 bytes).
    Removing system_nrf52840.o(i.nrf53_errata_51), (4 bytes).
    Removing system_nrf52840.o(i.nrf53_errata_52), (4 bytes).
    Removing system_nrf52840.o(i.nrf53_errata_53), (4 bytes).
    Removing system_nrf52840.o(i.nrf53_errata_54), (4 bytes).
    Removing system_nrf52840.o(i.nrf53_errata_55), (4 bytes).
    Removing system_nrf52840.o(i.nrf53_errata_57), (4 bytes).
    Removing system_nrf52840.o(i.nrf53_errata_58), (4 bytes).
    Removing system_nrf52840.o(i.nrf53_errata_59), (4 bytes).
    Removing system_nrf52840.o(i.nrf53_errata_6), (4 bytes).
    Removing system_nrf52840.o(i.nrf53_errata_62), (4 bytes).
    Removing system_nrf52840.o(i.nrf53_errata_64), (4 bytes).
    Removing system_nrf52840.o(i.nrf53_errata_65), (4 bytes).
    Removing system_nrf52840.o(i.nrf53_errata_66), (4 bytes).
    Removing system_nrf52840.o(i.nrf53_errata_67), (4 bytes).
    Removing system_nrf52840.o(i.nrf53_errata_69), (4 bytes).
    Removing system_nrf52840.o(i.nrf53_errata_7), (4 bytes).
    Removing system_nrf52840.o(i.nrf53_errata_70), (4 bytes).
    Removing system_nrf52840.o(i.nrf53_errata_71), (4 bytes).
    Removing system_nrf52840.o(i.nrf53_errata_72), (4 bytes).
    Removing system_nrf52840.o(i.nrf53_errata_73), (4 bytes).
    Removing system_nrf52840.o(i.nrf53_errata_74), (4 bytes).
    Removing system_nrf52840.o(i.nrf53_errata_75), (4 bytes).
    Removing system_nrf52840.o(i.nrf53_errata_76), (4 bytes).
    Removing system_nrf52840.o(i.nrf53_errata_77), (4 bytes).
    Removing system_nrf52840.o(i.nrf53_errata_79), (4 bytes).
    Removing system_nrf52840.o(i.nrf53_errata_8), (4 bytes).
    Removing system_nrf52840.o(i.nrf53_errata_80), (4 bytes).
    Removing system_nrf52840.o(i.nrf53_errata_81), (4 bytes).
    Removing system_nrf52840.o(i.nrf53_errata_82), (4 bytes).
    Removing system_nrf52840.o(i.nrf53_errata_83), (4 bytes).
    Removing system_nrf52840.o(i.nrf53_errata_84), (4 bytes).
    Removing system_nrf52840.o(i.nrf53_errata_85), (4 bytes).
    Removing system_nrf52840.o(i.nrf53_errata_86), (4 bytes).
    Removing system_nrf52840.o(i.nrf53_errata_87), (4 bytes).
    Removing system_nrf52840.o(i.nrf53_errata_9), (4 bytes).
    Removing system_nrf52840.o(i.nrf53_errata_90), (4 bytes).
    Removing system_nrf52840.o(i.nrf53_errata_91), (4 bytes).
    Removing system_nrf52840.o(i.nrf53_errata_93), (4 bytes).
    Removing system_nrf52840.o(i.nrf53_errata_95), (4 bytes).
    Removing system_nrf52840.o(i.nrf53_errata_97), (4 bytes).
    Removing system_nrf52840.o(i.nrf91_errata_1), (4 bytes).
    Removing system_nrf52840.o(i.nrf91_errata_10), (4 bytes).
    Removing system_nrf52840.o(i.nrf91_errata_12), (4 bytes).
    Removing system_nrf52840.o(i.nrf91_errata_14), (4 bytes).
    Removing system_nrf52840.o(i.nrf91_errata_15), (4 bytes).
    Removing system_nrf52840.o(i.nrf91_errata_16), (4 bytes).
    Removing system_nrf52840.o(i.nrf91_errata_17), (4 bytes).
    Removing system_nrf52840.o(i.nrf91_errata_2), (4 bytes).
    Removing system_nrf52840.o(i.nrf91_errata_20), (4 bytes).
    Removing system_nrf52840.o(i.nrf91_errata_21), (4 bytes).
    Removing system_nrf52840.o(i.nrf91_errata_23), (4 bytes).
    Removing system_nrf52840.o(i.nrf91_errata_24), (4 bytes).
    Removing system_nrf52840.o(i.nrf91_errata_26), (4 bytes).
    Removing system_nrf52840.o(i.nrf91_errata_27), (4 bytes).
    Removing system_nrf52840.o(i.nrf91_errata_28), (4 bytes).
    Removing system_nrf52840.o(i.nrf91_errata_29), (4 bytes).
    Removing system_nrf52840.o(i.nrf91_errata_30), (4 bytes).
    Removing system_nrf52840.o(i.nrf91_errata_31), (4 bytes).
    Removing system_nrf52840.o(i.nrf91_errata_32), (4 bytes).
    Removing system_nrf52840.o(i.nrf91_errata_33), (4 bytes).
    Removing system_nrf52840.o(i.nrf91_errata_4), (4 bytes).
    Removing system_nrf52840.o(i.nrf91_errata_6), (4 bytes).
    Removing system_nrf52840.o(i.nrf91_errata_7), (4 bytes).
    Removing system_nrf52840.o(i.nrf91_errata_8), (4 bytes).
    Removing system_nrf52840.o(i.nrf91_errata_9), (4 bytes).
    Removing epdtest.o(.ARM.exidx), (8 bytes).
    Removing adafruit_epd.o(.constdata__ZTI12Adafruit_EPD), (12 bytes).
    Removing adafruit_epd.o(.constdata__ZTS12Adafruit_EPD), (15 bytes).
    Removing adafruit_gfx.o(.constdata__ZTV10GFXcanvas1), (76 bytes).
    Removing adafruit_gfx.o(.constdata__ZTV10GFXcanvas8), (76 bytes).
    Removing adafruit_gfx.o(.constdata__ZTV11GFXcanvas16), (76 bytes).
    Removing adafruit_gfx.o(i._Z18pgm_read_glyph_ptrPK7GFXfonth), (10 bytes).
    Removing adafruit_gfx.o(.ARM.exidx), (8 bytes).
    Removing adafruit_gfx.o(i._ZNK12Adafruit_GFX5widthEv), (8 bytes).
    Removing adafruit_gfx.o(.ARM.exidx), (8 bytes).
    Removing adafruit_gfx.o(i._ZNK12Adafruit_GFX6heightEv), (8 bytes).
    Removing adafruit_gfx.o(.ARM.exidx), (8 bytes).
    Removing adafruit_gfx.o(i._ZNK12Adafruit_GFX11getRotationEv), (6 bytes).
    Removing adafruit_gfx.o(.ARM.exidx), (8 bytes).
    Removing adafruit_gfx.o(i._ZNK10GFXcanvas19getBufferEv), (6 bytes).
    Removing adafruit_gfx.o(.ARM.exidx), (8 bytes).
    Removing adafruit_gfx.o(.constdata__ZTI12Adafruit_GFX), (12 bytes).
    Removing adafruit_gfx.o(.constdata__ZTI10GFXcanvas1), (12 bytes).
    Removing adafruit_gfx.o(.constdata__ZTI10GFXcanvas8), (12 bytes).
    Removing adafruit_gfx.o(.constdata__ZTI11GFXcanvas16), (12 bytes).
    Removing adafruit_gfx.o(.constdata__ZTI5Print), (8 bytes).
    Removing adafruit_gfx.o(.constdata__ZTS12Adafruit_GFX), (15 bytes).
    Removing adafruit_gfx.o(.constdata__ZTS10GFXcanvas1), (13 bytes).
    Removing adafruit_gfx.o(.constdata__ZTS10GFXcanvas8), (13 bytes).
    Removing adafruit_gfx.o(.constdata__ZTS11GFXcanvas16), (14 bytes).
    Removing adafruit_gfx.o(.constdata__ZTS5Print), (7 bytes).
    Removing adafruit_spitft.o(.constdata__ZTV15Adafruit_SPITFT), (84 bytes).
    Removing adafruit_spitft.o(i._ZN15Adafruit_SPITFT13TFT_WR_STROBEEv), (26 bytes).
    Removing adafruit_spitft.o(.ARM.exidx), (8 bytes).
    Removing adafruit_spitft.o(i._ZN15Adafruit_SPITFT23writeFillRectPreclippedEsssst), (54 bytes).
    Removing adafruit_spitft.o(.ARM.exidx), (8 bytes).
    Removing adafruit_spitft.o(i._ZN15Adafruit_SPITFT10SPI_CS_LOWEv), (16 bytes).
    Removing adafruit_spitft.o(.ARM.exidx), (8 bytes).
    Removing adafruit_spitft.o(i._ZN15Adafruit_SPITFT21SPI_BEGIN_TRANSACTIONEv), (20 bytes).
    Removing adafruit_spitft.o(.ARM.exidx), (8 bytes).
    Removing adafruit_spitft.o(i._ZN15Adafruit_SPITFT11SPI_CS_HIGHEv), (16 bytes).
    Removing adafruit_spitft.o(.ARM.exidx), (8 bytes).
    Removing adafruit_spitft.o(i._ZN15Adafruit_SPITFT11SPI_SCK_LOWEv), (16 bytes).
    Removing adafruit_spitft.o(.ARM.exidx), (8 bytes).
    Removing adafruit_spitft.o(i._ZN15Adafruit_SPITFT12SPI_SCK_HIGHEv), (16 bytes).
    Removing adafruit_spitft.o(.ARM.exidx), (8 bytes).
    Removing adafruit_spitft.o(i._ZN15Adafruit_SPITFT12SPI_MOSI_LOWEv), (16 bytes).
    Removing adafruit_spitft.o(.ARM.exidx), (8 bytes).
    Removing adafruit_spitft.o(i._ZN15Adafruit_SPITFT13SPI_MOSI_HIGHEv), (16 bytes).
    Removing adafruit_spitft.o(.ARM.exidx), (8 bytes).
    Removing adafruit_spitft.o(i._ZN15Adafruit_SPITFT11SPI_DC_HIGHEv), (16 bytes).
    Removing adafruit_spitft.o(.ARM.exidx), (8 bytes).
    Removing adafruit_spitft.o(i._ZN15Adafruit_SPITFT10SPI_DC_LOWEv), (16 bytes).
    Removing adafruit_spitft.o(.ARM.exidx), (8 bytes).
    Removing adafruit_spitft.o(i._ZN15Adafruit_SPITFT14writeFastHLineEssst), (116 bytes).
    Removing adafruit_spitft.o(.ARM.exidx), (8 bytes).
    Removing adafruit_spitft.o(i._ZN15Adafruit_SPITFT14writeFastVLineEssst), (114 bytes).
    Removing adafruit_spitft.o(.ARM.exidx), (8 bytes).
    Removing adafruit_spitft.o(.constdata__ZTI15Adafruit_SPITFT), (12 bytes).
    Removing adafruit_spitft.o(.constdata__ZTS15Adafruit_SPITFT), (18 bytes).
    Removing adafruit_il0373.o(.constdata__ZTI15Adafruit_IL0373), (12 bytes).
    Removing adafruit_il0373.o(.constdata__ZTS15Adafruit_IL0373), (18 bytes).
    Removing adafruit_il0398.o(.constdata__ZTV15Adafruit_IL0398), (100 bytes).
    Removing adafruit_il0398.o(.constdata__ZTI15Adafruit_IL0398), (12 bytes).
    Removing adafruit_il0398.o(.constdata__ZTS15Adafruit_IL0398), (18 bytes).
    Removing adafruit_il91874.o(.constdata__ZTV16Adafruit_IL91874), (100 bytes).
    Removing adafruit_il91874.o(.constdata__ZTI16Adafruit_IL91874), (12 bytes).
    Removing adafruit_il91874.o(.constdata__ZTS16Adafruit_IL91874), (19 bytes).
    Removing adafruit_ssd1608.o(.constdata__ZTV16Adafruit_SSD1608), (100 bytes).
    Removing adafruit_ssd1608.o(.constdata__ZTI16Adafruit_SSD1608), (12 bytes).
    Removing adafruit_ssd1608.o(.constdata__ZTS16Adafruit_SSD1608), (19 bytes).
    Removing adafruit_ssd1619.o(.constdata__ZTV16Adafruit_SSD1619), (100 bytes).
    Removing adafruit_ssd1619.o(.constdata__ZTI16Adafruit_SSD1619), (12 bytes).
    Removing adafruit_ssd1619.o(.constdata__ZTS16Adafruit_SSD1619), (19 bytes).
    Removing adafruit_ssd1675.o(.constdata__ZTV16Adafruit_SSD1675), (100 bytes).
    Removing adafruit_ssd1675.o(.constdata__ZTI16Adafruit_SSD1675), (12 bytes).
    Removing adafruit_ssd1675.o(.constdata__ZTS16Adafruit_SSD1675), (19 bytes).
    Removing adafruit_ssd1675b.o(.constdata__ZTV17Adafruit_SSD1675B), (100 bytes).
    Removing adafruit_ssd1675b.o(.constdata__ZTI17Adafruit_SSD1675B), (12 bytes).
    Removing adafruit_ssd1675b.o(.constdata__ZTS17Adafruit_SSD1675B), (20 bytes).
    Removing adafruit_ssd1680.o(.constdata__ZTV16Adafruit_SSD1680), (100 bytes).
    Removing adafruit_ssd1680.o(.constdata__ZTI16Adafruit_SSD1680), (12 bytes).
    Removing adafruit_ssd1680.o(.constdata__ZTS16Adafruit_SSD1680), (19 bytes).
    Removing adafruit_ssd1681.o(.constdata__ZTV16Adafruit_SSD1681), (100 bytes).
    Removing adafruit_ssd1681.o(.constdata__ZTI16Adafruit_SSD1681), (12 bytes).
    Removing adafruit_ssd1681.o(.constdata__ZTS16Adafruit_SSD1681), (19 bytes).

892 unused section(s) (total 34931 bytes) removed from the image.
